Archive member included because of file (symbol)

c:/program files (x86)/atmel/atmel toolchain/avr32 gcc/native/3.4.1067/avr32-gnu-toolchain/bin/../lib/gcc/avr32/4.4.7/ucr2\libgcc.a(_avr32_f64_mul.o)
                              src/asf/thirdparty/freertos/demo/common/minimal/flop.o (__avr32_f64_mul)
c:/program files (x86)/atmel/atmel toolchain/avr32 gcc/native/3.4.1067/avr32-gnu-toolchain/bin/../lib/gcc/avr32/4.4.7/ucr2\libgcc.a(_avr32_f64_addsub.o)
                              src/asf/thirdparty/freertos/demo/common/minimal/flop.o (__avr32_f64_sub)
c:/program files (x86)/atmel/atmel toolchain/avr32 gcc/native/3.4.1067/avr32-gnu-toolchain/bin/../lib/gcc/avr32/4.4.7/ucr2\libgcc.a(_avr32_s32_to_f64.o)
                              src/asf/thirdparty/freertos/demo/common/minimal/flop.o (__avr32_u32_to_f64)
c:/program files (x86)/atmel/atmel toolchain/avr32 gcc/native/3.4.1067/avr32-gnu-toolchain/bin/../lib/gcc/avr32/4.4.7/ucr2\libgcc.a(_avr32_f64_cmp_lt.o)
                              src/asf/thirdparty/freertos/demo/common/minimal/flop.o (__avr32_f64_cmp_lt)
c:/program files (x86)/atmel/atmel toolchain/avr32 gcc/native/3.4.1067/avr32-gnu-toolchain/bin/../lib/gcc/avr32/4.4.7/ucr2\libgcc.a(_avr32_f64_div.o)
                              src/asf/thirdparty/freertos/demo/common/minimal/flop.o (__avr32_f64_div)
c:/program files (x86)/atmel/atmel toolchain/avr32 gcc/native/3.4.1067/avr32-gnu-toolchain/bin/../lib/gcc/avr32/4.4.7/../../../../avr32/lib/ucr2\libc.a(lib_a-atexit.o)
                              c:/program files (x86)/atmel/atmel toolchain/avr32 gcc/native/3.4.1067/avr32-gnu-toolchain/bin/../lib/gcc/avr32/4.4.7/../../../../avr32/lib/ucr2/crt0.o (atexit)
c:/program files (x86)/atmel/atmel toolchain/avr32 gcc/native/3.4.1067/avr32-gnu-toolchain/bin/../lib/gcc/avr32/4.4.7/../../../../avr32/lib/ucr2\libc.a(lib_a-exit.o)
                              c:/program files (x86)/atmel/atmel toolchain/avr32 gcc/native/3.4.1067/avr32-gnu-toolchain/bin/../lib/gcc/avr32/4.4.7/../../../../avr32/lib/ucr2/crt0.o (exit)
c:/program files (x86)/atmel/atmel toolchain/avr32 gcc/native/3.4.1067/avr32-gnu-toolchain/bin/../lib/gcc/avr32/4.4.7/../../../../avr32/lib/ucr2\libc.a(lib_a-impure.o)
                              src/main.o (_impure_ptr)
c:/program files (x86)/atmel/atmel toolchain/avr32 gcc/native/3.4.1067/avr32-gnu-toolchain/bin/../lib/gcc/avr32/4.4.7/../../../../avr32/lib/ucr2\libc.a(lib_a-malloc.o)
                              src/asf/thirdparty/freertos/source/portable/memmang/heap_3.o (free)
c:/program files (x86)/atmel/atmel toolchain/avr32 gcc/native/3.4.1067/avr32-gnu-toolchain/bin/../lib/gcc/avr32/4.4.7/../../../../avr32/lib/ucr2\libc.a(lib_a-mallocr.o)
                              c:/program files (x86)/atmel/atmel toolchain/avr32 gcc/native/3.4.1067/avr32-gnu-toolchain/bin/../lib/gcc/avr32/4.4.7/../../../../avr32/lib/ucr2\libc.a(lib_a-malloc.o) (_malloc_r)
c:/program files (x86)/atmel/atmel toolchain/avr32 gcc/native/3.4.1067/avr32-gnu-toolchain/bin/../lib/gcc/avr32/4.4.7/../../../../avr32/lib/ucr2\libc.a(lib_a-memcpy.o)
                              src/asf/common/services/usb/class/cdc/device/udi_cdc.o (memcpy)
c:/program files (x86)/atmel/atmel toolchain/avr32 gcc/native/3.4.1067/avr32-gnu-toolchain/bin/../lib/gcc/avr32/4.4.7/../../../../avr32/lib/ucr2\libc.a(lib_a-memset.o)
                              src/asf/thirdparty/freertos/source/tasks.o (memset)
c:/program files (x86)/atmel/atmel toolchain/avr32 gcc/native/3.4.1067/avr32-gnu-toolchain/bin/../lib/gcc/avr32/4.4.7/../../../../avr32/lib/ucr2\libc.a(lib_a-realloc.o)
                              src/asf/thirdparty/freertos/source/portable/gcc/avr32_uc3/port.o (realloc)
c:/program files (x86)/atmel/atmel toolchain/avr32 gcc/native/3.4.1067/avr32-gnu-toolchain/bin/../lib/gcc/avr32/4.4.7/../../../../avr32/lib/ucr2\libc.a(lib_a-reallocr.o)
                              c:/program files (x86)/atmel/atmel toolchain/avr32 gcc/native/3.4.1067/avr32-gnu-toolchain/bin/../lib/gcc/avr32/4.4.7/../../../../avr32/lib/ucr2\libc.a(lib_a-realloc.o) (_realloc_r)
c:/program files (x86)/atmel/atmel toolchain/avr32 gcc/native/3.4.1067/avr32-gnu-toolchain/bin/../lib/gcc/avr32/4.4.7/../../../../avr32/lib/ucr2\libc.a(lib_a-sbrkr.o)
                              c:/program files (x86)/atmel/atmel toolchain/avr32 gcc/native/3.4.1067/avr32-gnu-toolchain/bin/../lib/gcc/avr32/4.4.7/../../../../avr32/lib/ucr2\libc.a(lib_a-mallocr.o) (_sbrk_r)
c:/program files (x86)/atmel/atmel toolchain/avr32 gcc/native/3.4.1067/avr32-gnu-toolchain/bin/../lib/gcc/avr32/4.4.7/../../../../avr32/lib/ucr2\libc.a(lib_a-setbuf.o)
                              src/main.o (setbuf)
c:/program files (x86)/atmel/atmel toolchain/avr32 gcc/native/3.4.1067/avr32-gnu-toolchain/bin/../lib/gcc/avr32/4.4.7/../../../../avr32/lib/ucr2\libc.a(lib_a-setvbuf.o)
[...]
Memory Configuration

Name             Origin             Length             Attributes
FLASH            0x80000000         0x00040000         axrl !w
INTRAM           0x00000004         0x0000fffc         axw !rl
HRAM0            0xff000000         0x00008000         axw !rl
HRAM1            0xff008000         0x00008000         axw !rl
USERPAGE         0x80800000         0x00000200
*default*        0x00000000         0xffffffff

Linker script and memory map

                0x00001000                _stack_size = 0x1000
LOAD c:/program files (x86)/atmel/atmel toolchain/avr32 gcc/native/3.4.1067/avr32-gnu-toolchain/bin/../lib/gcc/avr32/4.4.7/../../../../avr32/lib/ucr2/crt0.o
LOAD c:/program files (x86)/atmel/atmel toolchain/avr32 gcc/native/3.4.1067/avr32-gnu-toolchain/bin/../lib/gcc/avr32/4.4.7/ucr2/crti.o
LOAD c:/program files (x86)/atmel/atmel toolchain/avr32 gcc/native/3.4.1067/avr32-gnu-toolchain/bin/../lib/gcc/avr32/4.4.7/ucr2/crtbegin.o
LOAD src/asf/avr32/boards/uc3_a3_xplained/init.o
LOAD src/asf/avr32/boards/uc3_a3_xplained/led.o
LOAD src/asf/avr32/drivers/flashc/flashc.o
LOAD src/asf/avr32/drivers/gpio/gpio.o
LOAD src/asf/avr32/drivers/intc/intc.o
LOAD src/asf/avr32/drivers/pm/pm.o
LOAD src/asf/avr32/drivers/pm/pm_conf_clocks.o
LOAD src/asf/avr32/drivers/pm/power_clocks_lib.o
LOAD src/asf/avr32/drivers/tc/tc.o
LOAD src/asf/avr32/drivers/usart/usart.o
LOAD src/asf/avr32/drivers/usbb/usbb_device.o
LOAD src/asf/avr32/utils/startup/trampoline_uc3.o
LOAD src/asf/common/services/clock/uc3a3_a4/sysclk.o
LOAD src/asf/common/services/sleepmgr/uc3/sleepmgr.o
LOAD src/asf/common/services/usb/class/cdc/device/udi_cdc.o
LOAD src/asf/common/services/usb/class/cdc/device/udi_cdc_desc.o
LOAD src/asf/common/services/usb/udc/udc.o
LOAD src/asf/common/utils/stdio/read.o
LOAD src/asf/common/utils/stdio/stdio_usb/stdio_usb.o
LOAD src/asf/common/utils/stdio/write.o
LOAD src/asf/thirdparty/freertos/demo/common/minimal/AltBlckQ.o
LOAD src/asf/thirdparty/freertos/demo/common/minimal/AltBlock.o
LOAD src/asf/thirdparty/freertos/demo/common/minimal/AltPollQ.o
LOAD src/asf/thirdparty/freertos/demo/common/minimal/AltQTest.o
LOAD src/asf/thirdparty/freertos/demo/common/minimal/BlockQ.o
LOAD src/asf/thirdparty/freertos/demo/common/minimal/GenQTest.o
LOAD src/asf/thirdparty/freertos/demo/common/minimal/PollQ.o
LOAD src/asf/thirdparty/freertos/demo/common/minimal/QPeek.o
LOAD src/asf/thirdparty/freertos/demo/common/minimal/blocktim.o
LOAD src/asf/thirdparty/freertos/demo/common/minimal/comtest.o
LOAD src/asf/thirdparty/freertos/demo/common/minimal/countsem.o
LOAD src/asf/thirdparty/freertos/demo/common/minimal/crflash.o
LOAD src/asf/thirdparty/freertos/demo/common/minimal/crhook.o
LOAD src/asf/thirdparty/freertos/demo/common/minimal/death.o
LOAD src/asf/thirdparty/freertos/demo/common/minimal/dynamic.o
LOAD src/asf/thirdparty/freertos/demo/common/minimal/flash.o
LOAD src/asf/thirdparty/freertos/demo/common/minimal/flop.o
LOAD src/asf/thirdparty/freertos/demo/common/minimal/integer.o
LOAD src/asf/thirdparty/freertos/demo/common/minimal/recmutex.o
LOAD src/asf/thirdparty/freertos/demo/common/minimal/semtest.o
LOAD src/asf/thirdparty/freertos/source/croutine.o
LOAD src/asf/thirdparty/freertos/source/list.o
LOAD src/asf/thirdparty/freertos/source/portable/gcc/avr32_uc3/exception.o
LOAD src/asf/thirdparty/freertos/source/portable/gcc/avr32_uc3/port.o
LOAD src/asf/thirdparty/freertos/source/portable/gcc/avr32_uc3/read.o
LOAD src/asf/thirdparty/freertos/source/portable/gcc/avr32_uc3/write.o
LOAD src/asf/thirdparty/freertos/source/portable/memmang/heap_3.o
LOAD src/asf/thirdparty/freertos/source/queue.o
LOAD src/asf/thirdparty/freertos/source/tasks.o
LOAD src/asf/thirdparty/freertos/source/timers.o
LOAD src/main.o
START GROUP
LOAD c:/program files (x86)/atmel/atmel toolchain/avr32 gcc/native/3.4.1067/avr32-gnu-toolchain/bin/../lib/gcc/avr32/4.4.7/../../../../avr32/lib/ucr2\libm.a
END GROUP
LOAD c:/program files (x86)/atmel/atmel toolchain/avr32 gcc/native/3.4.1067/avr32-gnu-toolchain/bin/../lib/gcc/avr32/4.4.7/ucr2\libgcc.a
LOAD c:/program files (x86)/atmel/atmel toolchain/avr32 gcc/native/3.4.1067/avr32-gnu-toolchain/bin/../lib/gcc/avr32/4.4.7/../../../../avr32/lib/ucr2\libc.a
LOAD c:/program files (x86)/atmel/atmel toolchain/avr32 gcc/native/3.4.1067/avr32-gnu-toolchain/bin/../lib/gcc/avr32/4.4.7/ucr2\libgcc.a
LOAD c:/program files (x86)/atmel/atmel toolchain/avr32 gcc/native/3.4.1067/avr32-gnu-toolchain/bin/../lib/gcc/avr32/4.4.7/ucr2/crtend.o
LOAD c:/program files (x86)/atmel/atmel toolchain/avr32 gcc/native/3.4.1067/avr32-gnu-toolchain/bin/../lib/gcc/avr32/4.4.7/ucr2/crtn.o
                0xffffffff                __max_heap_size__ = 0xffffffff
                [0xffffffff]                __heap_size__ = DEFINED (__heap_size__)?__heap_size__:__max_heap_size__
                [0x00001000]                __stack_size__ = DEFINED (__stack_size__)?__stack_size__:0x1000
                0x80000000                PROVIDE (__executable_start, 0x80000000)
                0x80000000                . = 0x80000000

.interp
 *(.interp)

.reset          0x80000000     0x2004
 *(.reset)
 .reset         0x80000000     0x2004 src/asf/avr32/utils/startup/trampoline_uc3.o
                               0x2008 (size before relaxing)
                0x80000000                _trampoline

.hash
 *(.hash)

.dynsym
 *(.dynsym)

.dynstr
 *(.dynstr)

.gnu.version
 *(.gnu.version)

.gnu.version_d
 *(.gnu.version_d)

.gnu.version_r
 *(.gnu.version_r)

.rel.init
 *(.rel.init)

.rela.init
 *(.rela.init)

.rel.text
 *(.rel.text .rel.text.* .rel.gnu.linkonce.t.*)

.rela.text
 *(.rela.text .rela.text.* .rela.gnu.linkonce.t.*)

.rel.fini
 *(.rel.fini)

.rela.fini
 *(.rela.fini)

.rel.rodata
 *(.rel.rodata .rel.rodata.* .rel.gnu.linkonce.r.*)

.rela.rodata
 *(.rela.rodata .rela.rodata.* .rela.gnu.linkonce.r.*)

.rel.data.rel.ro
 *(.rel.data.rel.ro*)

.rela.data.rel.ro
 *(.rel.data.rel.ro*)

.rel.data
 *(.rel.data .rel.data.* .rel.gnu.linkonce.d.*)

.rela.data
 *(.rela.data .rela.data.* .rela.gnu.linkonce.d.*)

.rel.tdata
 *(.rel.tdata .rel.tdata.* .rel.gnu.linkonce.td.*)

.rela.tdata
 *(.rela.tdata .rela.tdata.* .rela.gnu.linkonce.td.*)

.rel.tbss
 *(.rel.tbss .rel.tbss.* .rel.gnu.linkonce.tb.*)

.rela.tbss
 *(.rela.tbss .rela.tbss.* .rela.gnu.linkonce.tb.*)

.rel.ctors
 *(.rel.ctors)

.rela.ctors
 *(.rela.ctors)

.rel.dtors
 *(.rel.dtors)

.rela.dtors
 *(.rela.dtors)

.rel.got
 *(.rel.got)

.rela.got       0x80002004        0x0
 *(.rela.got)
 .rela.got      0x80002004        0x0 c:/program files (x86)/atmel/atmel toolchain/avr32 gcc/native/3.4.1067/avr32-gnu-toolchain/bin/../lib/gcc/avr32/4.4.7/../../../../avr32/lib/ucr2/crt0.o

.rel.bss
 *(.rel.bss .rel.bss.* .rel.gnu.linkonce.b.*)

.rela.bss
 *(.rela.bss .rela.bss.* .rela.gnu.linkonce.b.*)

.rel.plt
 *(.rel.plt)

.rela.plt
 *(.rela.plt)

.init           0x80002004       0x1a
 *(.init)
 .init          0x80002004       0x10 c:/program files (x86)/atmel/atmel toolchain/avr32 gcc/native/3.4.1067/avr32-gnu-toolchain/bin/../lib/gcc/avr32/4.4.7/ucr2/crti.o
                0x80002004                _init
 .init          0x80002014        0x2 c:/program files (x86)/atmel/atmel toolchain/avr32 gcc/native/3.4.1067/avr32-gnu-toolchain/bin/../lib/gcc/avr32/4.4.7/ucr2/crtbegin.o
                                  0x4 (size before relaxing)
 .init          0x80002016        0x4 c:/program files (x86)/atmel/atmel toolchain/avr32 gcc/native/3.4.1067/avr32-gnu-toolchain/bin/../lib/gcc/avr32/4.4.7/ucr2/crtend.o
 .init          0x8000201a        0x4 c:/program files (x86)/atmel/atmel toolchain/avr32 gcc/native/3.4.1067/avr32-gnu-toolchain/bin/../lib/gcc/avr32/4.4.7/ucr2/crtn.o

.plt
 *(.plt)

.text           0x80002020     0x39cc
 *(.text .stub .text.* .gnu.linkonce.t.*)
 .text          0x80002020       0x68 c:/program files (x86)/atmel/atmel toolchain/avr32 gcc/native/3.4.1067/avr32-gnu-toolchain/bin/../lib/gcc/avr32/4.4.7/../../../../avr32/lib/ucr2/crt0.o
                                 0x84 (size before relaxing)
                0x80002020                _stext
 .text          0x80002088       0x64 c:/program files (x86)/atmel/atmel toolchain/avr32 gcc/native/3.4.1067/avr32-gnu-toolchain/bin/../lib/gcc/avr32/4.4.7/ucr2/crtbegin.o
 .text.board_init
                0x800020ec       0x30 src/asf/avr32/boards/uc3_a3_xplained/init.o
                0x800020ec                board_init
 .text.gpio_configure_pin
                0x8000211c       0xb8 src/asf/avr32/drivers/gpio/gpio.o
                0x8000211c                gpio_configure_pin
 .text.gpio_get_pin_value
                0x800021d4       0x16 src/asf/avr32/drivers/gpio/gpio.o
                0x800021d4                gpio_get_pin_value
 .text.gpio_set_gpio_pin
                0x800021ea       0x1c src/asf/avr32/drivers/gpio/gpio.o
                0x800021ea                gpio_set_gpio_pin
 .text.gpio_clr_gpio_pin
                0x80002206       0x1c src/asf/avr32/drivers/gpio/gpio.o
                0x80002206                gpio_clr_gpio_pin
 .text.gpio_toggle_pin
                0x80002222       0x16 src/asf/avr32/drivers/gpio/gpio.o
                0x80002222                gpio_toggle_pin
 .text._unhandled_interrupt
                0x80002238        0x2 src/asf/avr32/drivers/intc/intc.o
 *fill*         0x8000223a        0x2 d703d703
 .text.INTC_register_interrupt
                0x8000223c       0x30 src/asf/avr32/drivers/intc/intc.o
                0x8000223c                INTC_register_interrupt
 .text.INTC_init_interrupts
                0x8000226c       0x54 src/asf/avr32/drivers/intc/intc.o
                0x8000226c                INTC_init_interrupts
 .text._get_interrupt_handler
                0x800022c0       0x38 src/asf/avr32/drivers/intc/intc.o
                0x800022c0                _get_interrupt_handler
 .text.pm_set_osc0_mode
                0x800022f8        0xa src/asf/avr32/drivers/pm/pm.o
 *fill*         0x80002302        0x2 d703d703
 .text.pm_enable_osc0_crystal
                0x80002304       0x3c src/asf/avr32/drivers/pm/pm.o
                0x80002304                pm_enable_osc0_crystal
 .text.pm_enable_clk0_no_wait
                0x80002340       0x10 src/asf/avr32/drivers/pm/pm.o
                0x80002340                pm_enable_clk0_no_wait
 .text.pm_wait_for_clk0_ready
                0x80002350        0xa src/asf/avr32/drivers/pm/pm.o
                0x80002350                pm_wait_for_clk0_ready
 *fill*         0x8000235a        0x2 d703d703
 .text.pm_enable_clk0
                0x8000235c       0x1c src/asf/avr32/drivers/pm/pm.o
                0x8000235c                pm_enable_clk0
 .text.pm_switch_to_clock
                0x80002378        0xa src/asf/avr32/drivers/pm/pm.o
                0x80002378                pm_switch_to_clock
 *fill*         0x80002382        0x2 d703d703
 .text.pm_switch_to_osc0
                0x80002384       0x2c src/asf/avr32/drivers/pm/pm.o
                0x80002384                pm_switch_to_osc0
 .text.pcl_switch_to_osc
                0x800023b0       0x1c src/asf/avr32/drivers/pm/power_clocks_lib.o
                0x800023b0                pcl_switch_to_osc
 .text.udd_include_vbus_monitoring
                0x800023cc        0x2 src/asf/avr32/drivers/usbb/usbb_device.o
                0x800023cc                udd_include_vbus_monitoring
 .text.udd_is_high_speed
                0x800023ce        0x2 src/asf/avr32/drivers/usbb/usbb_device.o
                0x800023ce                udd_is_high_speed
 .text.udd_set_address
                0x800023d0       0x22 src/asf/avr32/drivers/usbb/usbb_device.o
                0x800023d0                udd_set_address
 .text.udd_getaddress
                0x800023f2        0xc src/asf/avr32/drivers/usbb/usbb_device.o
                0x800023f2                udd_getaddress
 .text.udd_get_frame_number
                0x800023fe        0xc src/asf/avr32/drivers/usbb/usbb_device.o
                0x800023fe                udd_get_frame_number
 .text.udd_get_micro_frame_number
                0x8000240a        0xc src/asf/avr32/drivers/usbb/usbb_device.o
                0x8000240a                udd_get_micro_frame_number
 *fill*         0x80002416        0x2 d703d703
 .text.udd_set_setup_payload
                0x80002418        0xc src/asf/avr32/drivers/usbb/usbb_device.o
                0x80002418                udd_set_setup_payload
 .text.udd_ep_is_halted
                0x80002424       0x12 src/asf/avr32/drivers/usbb/usbb_device.o
                0x80002424                udd_ep_is_halted
 *fill*         0x80002436        0x2 d703d703
 .text.udd_ep_set_halt
                0x80002438       0x7c src/asf/avr32/drivers/usbb/usbb_device.o
                0x80002438                udd_ep_set_halt
 .text.udd_ep_clear_halt
                0x800024b4       0x74 src/asf/avr32/drivers/usbb/usbb_device.o
                0x800024b4                udd_ep_clear_halt
 .text.udd_ctrl_stall_data
                0x80002528       0x18 src/asf/avr32/drivers/usbb/usbb_device.o
 .text.udd_ctrl_endofrequest
                0x80002540       0x14 src/asf/avr32/drivers/usbb/usbb_device.o
 .text.udd_ep_finish_job
                0x80002554       0x20 src/asf/avr32/drivers/usbb/usbb_device.o
 .text.udd_ep_abort_job
                0x80002574       0x20 src/asf/avr32/drivers/usbb/usbb_device.o
 .text.udd_ep_free
                0x80002594       0x30 src/asf/avr32/drivers/usbb/usbb_device.o
                0x80002594                udd_ep_free
 .text.udd_ep_run
                0x800025c4      0x148 src/asf/avr32/drivers/usbb/usbb_device.o
                0x800025c4                udd_ep_run
 .text.udd_sleep_mode
                0x8000270c       0x50 src/asf/avr32/drivers/usbb/usbb_device.o
 .text.udd_detach
                0x8000275c       0x24 src/asf/avr32/drivers/usbb/usbb_device.o
                0x8000275c                udd_detach
 .text.udd_ctrl_init
                0x80002780       0x34 src/asf/avr32/drivers/usbb/usbb_device.o
 .text.udd_ctrl_send_zlp_in
                0x800027b4       0x2c src/asf/avr32/drivers/usbb/usbb_device.o
 .text.udd_ctrl_in_sent
                0x800027e0      0x13c src/asf/avr32/drivers/usbb/usbb_device.o
 .text.udd_ep_alloc
                0x8000291c      0x122 src/asf/avr32/drivers/usbb/usbb_device.o
                0x8000291c                udd_ep_alloc
 .text.udd_reset_ep_ctrl
                0x80002a3e       0x6c src/asf/avr32/drivers/usbb/usbb_device.o
 *fill*         0x80002aaa        0x2 d703d703
 .text.udd_attach
                0x80002aac       0x70 src/asf/avr32/drivers/usbb/usbb_device.o
                0x80002aac                udd_attach
 .text.udd_enable
                0x80002b1c      0x100 src/asf/avr32/drivers/usbb/usbb_device.o
                0x80002b1c                udd_enable
 .text.udd_interrupt
                0x80002c1c      0x628 src/asf/avr32/drivers/usbb/usbb_device.o
 .text.sysclk_priv_enable_module
                0x80003244       0x2a src/asf/common/services/clock/uc3a3_a4/sysclk.o
                0x80003244                sysclk_priv_enable_module
 *fill*         0x8000326e        0x2 d703d703
 .text.sysclk_enable_pbb_module
                0x80003270       0x54 src/asf/common/services/clock/uc3a3_a4/sysclk.o
                0x80003270                sysclk_enable_pbb_module
 .text.sysclk_enable_usb
                0x800032c4       0x48 src/asf/common/services/clock/uc3a3_a4/sysclk.o
                0x800032c4                sysclk_enable_usb
 .text.udi_cdc_data_disable
                0x8000330c        0x2 src/asf/common/services/usb/class/cdc/device/udi_cdc.o
                0x8000330c                udi_cdc_data_disable
 *fill*         0x8000330e        0x2 d703d703
 .text.udi_cdc_comm_setup
                0x80003310       0x84 src/asf/common/services/usb/class/cdc/device/udi_cdc.o
                0x80003310                udi_cdc_comm_setup
 .text.udi_cdc_data_setup
                0x80003394        0x2 src/asf/common/services/usb/class/cdc/device/udi_cdc.o
                0x80003394                udi_cdc_data_setup
 .text.udi_cdc_getsetting
                0x80003396        0x2 src/asf/common/services/usb/class/cdc/device/udi_cdc.o
                0x80003396                udi_cdc_getsetting
 .text.udi_cdc_line_coding_received
                0x80003398        0x2 src/asf/common/services/usb/class/cdc/device/udi_cdc.o
                0x80003398                udi_cdc_line_coding_received
 *fill*         0x8000339a        0x2 d703d703
 .text.udi_cdc_is_rx_ready
                0x8000339c       0x24 src/asf/common/services/usb/class/cdc/device/udi_cdc.o
                0x8000339c                udi_cdc_is_rx_ready
 .text.udi_cdc_is_tx_ready
                0x800033c0       0x64 src/asf/common/services/usb/class/cdc/device/udi_cdc.o
                0x800033c0                udi_cdc_is_tx_ready
 .text.udi_cdc_putc
                0x80003424       0x7c src/asf/common/services/usb/class/cdc/device/udi_cdc.o
                0x80003424                udi_cdc_putc
 .text.udi_cdc_rx_start
                0x800034a0       0x84 src/asf/common/services/usb/class/cdc/device/udi_cdc.o
 .text.udi_cdc_getc
                0x80003524       0x7c src/asf/common/services/usb/class/cdc/device/udi_cdc.o
                0x80003524                udi_cdc_getc
 .text.udi_cdc_data_recevied
                0x800035a0       0x38 src/asf/common/services/usb/class/cdc/device/udi_cdc.o
                0x800035a0                udi_cdc_data_recevied
 .text.udi_cdc_tx_send
                0x800035d8       0xd8 src/asf/common/services/usb/class/cdc/device/udi_cdc.o
 .text.udi_cdc_data_sent
                0x800036b0       0x40 src/asf/common/services/usb/class/cdc/device/udi_cdc.o
                0x800036b0                udi_cdc_data_sent
 .text.udi_cdc_data_sof_notify
                0x800036f0        0xc src/asf/common/services/usb/class/cdc/device/udi_cdc.o
                0x800036f0                udi_cdc_data_sof_notify
 .text.udi_cdc_data_enable
                0x800036fc       0x70 src/asf/common/services/usb/class/cdc/device/udi_cdc.o
                0x800036fc                udi_cdc_data_enable
 .text.udi_cdc_comm_disable
                0x8000376c       0x18 src/asf/common/services/usb/class/cdc/device/udi_cdc.o
                0x8000376c                udi_cdc_comm_disable
 .text.udi_cdc_comm_enable
                0x80003784       0x3c src/asf/common/services/usb/class/cdc/device/udi_cdc.o
                0x80003784                udi_cdc_comm_enable
 .text.udc_sof_notify
                0x800037c0       0x50 src/asf/common/services/usb/udc/udc.o
                0x800037c0                udc_sof_notify
 .text.udc_get_eof_conf
                0x80003810       0x20 src/asf/common/services/usb/udc/udc.o
 .text.udc_update_iface_desc
                0x80003830       0x84 src/asf/common/services/usb/udc/udc.o
 .text.udc_next_desc_in_iface
                0x800038b4       0x50 src/asf/common/services/usb/udc/udc.o
 .text.udc_valid_address
                0x80003904       0x18 src/asf/common/services/usb/udc/udc.o
 .text.udc_iface_enable
                0x8000391c       0x60 src/asf/common/services/usb/udc/udc.o
 .text.udc_iface_disable
                0x8000397c       0x64 src/asf/common/services/usb/udc/udc.o
 .text.udc_reset
                0x800039e0       0x60 src/asf/common/services/usb/udc/udc.o
                0x800039e0                udc_reset
 .text.udc_process_setup
                0x80003a40      0x494 src/asf/common/services/usb/udc/udc.o
                0x80003a40                udc_process_setup
 .text._read    0x80003ed4       0x54 src/asf/common/utils/stdio/read.o
                0x80003ed4                _read
 .text.stdio_usb_enable
                0x80003f28        0xc src/asf/common/utils/stdio/stdio_usb/stdio_usb.o
                0x80003f28                stdio_usb_enable
 .text.stdio_usb_disable
                0x80003f34        0xc src/asf/common/utils/stdio/stdio_usb/stdio_usb.o
                0x80003f34                stdio_usb_disable
 .text.stdio_usb_vbus_event
                0x80003f40       0x1c src/asf/common/utils/stdio/stdio_usb/stdio_usb.o
                0x80003f40                stdio_usb_vbus_event
 .text.stdio_usb_init
                0x80003f5c       0x44 src/asf/common/utils/stdio/stdio_usb/stdio_usb.o
                0x80003f5c                stdio_usb_init
 .text.stdio_usb_getchar
                0x80003fa0       0x2c src/asf/common/utils/stdio/stdio_usb/stdio_usb.o
                0x80003fa0                stdio_usb_getchar
 .text.stdio_usb_putchar
                0x80003fcc       0x24 src/asf/common/utils/stdio/stdio_usb/stdio_usb.o
                0x80003fcc                stdio_usb_putchar
 .text._write   0x80003ff0       0x44 src/asf/common/utils/stdio/write.o
                0x80003ff0                _write
 .text.vListInitialise
                0x80004034       0x14 src/asf/thirdparty/freertos/source/list.o
                0x80004034                vListInitialise
 .text.vListInitialiseItem
                0x80004048        0x6 src/asf/thirdparty/freertos/source/list.o
                0x80004048                vListInitialiseItem
 .text.vListInsertEnd
                0x8000404e       0x1c src/asf/thirdparty/freertos/source/list.o
                0x8000404e                vListInsertEnd
 .text.vListInsert
                0x8000406a       0x34 src/asf/thirdparty/freertos/source/list.o
                0x8000406a                vListInsert
 .text.vListRemove
                0x8000409e       0x26 src/asf/thirdparty/freertos/source/list.o
                0x8000409e                vListRemove
 .text.pxPortInitialiseStack
                0x800040c4       0x92 src/asf/thirdparty/freertos/source/portable/gcc/avr32_uc3/port.o
                0x800040c4                pxPortInitialiseStack
 *fill*         0x80004156        0x2 d703d703
 .text.vPortEnterCritical
                0x80004158       0x10 src/asf/thirdparty/freertos/source/portable/gcc/avr32_uc3/port.o
                0x80004158                vPortEnterCritical
 .text.xPortStartScheduler
                0x80004168       0x58 src/asf/thirdparty/freertos/source/portable/gcc/avr32_uc3/port.o
                0x80004168                xPortStartScheduler
 .text.SCALLYield
                0x800041c0       0x98 src/asf/thirdparty/freertos/source/portable/gcc/avr32_uc3/port.o
                0x800041c0                SCALLYield
 .text.prvClearCcInt
                0x80004258        0xa src/asf/thirdparty/freertos/source/portable/gcc/avr32_uc3/port.o
 *fill*         0x80004262        0x2 d703d703
 .text.vPortExitCritical
                0x80004264       0x20 src/asf/thirdparty/freertos/source/portable/gcc/avr32_uc3/port.o
                0x80004264                vPortExitCritical
 .text.vTick    0x80004284       0x84 src/asf/thirdparty/freertos/source/portable/gcc/avr32_uc3/port.o
 .text.__malloc_lock
                0x80004308        0xc src/asf/thirdparty/freertos/source/portable/gcc/avr32_uc3/port.o
                0x80004308                __malloc_lock
 .text.__malloc_unlock
                0x80004314        0xc src/asf/thirdparty/freertos/source/portable/gcc/avr32_uc3/port.o
                0x80004314                __malloc_unlock
 .text._init_startup
                0x80004320       0x18 src/asf/thirdparty/freertos/source/portable/gcc/avr32_uc3/port.o
                0x80004320                _init_startup
 .text.vPortFree
                0x80004338       0x28 src/asf/thirdparty/freertos/source/portable/memmang/heap_3.o
                0x80004338                vPortFree
 .text.pvPortMalloc
                0x80004360       0x28 src/asf/thirdparty/freertos/source/portable/memmang/heap_3.o
                0x80004360                pvPortMalloc
 .text.vTaskSuspendAll
                0x80004388       0x10 src/asf/thirdparty/freertos/source/tasks.o
                0x80004388                vTaskSuspendAll
 .text.vTaskSwitchContext
                0x80004398       0x7c src/asf/thirdparty/freertos/source/tasks.o
                0x80004398                vTaskSwitchContext
 .text.vTaskIncrementTick
                0x80004414      0x118 src/asf/thirdparty/freertos/source/tasks.o
                0x80004414                vTaskIncrementTick
 .text.xTaskResumeAll
                0x8000452c       0xe4 src/asf/thirdparty/freertos/source/tasks.o
                0x8000452c                xTaskResumeAll
 .text.prvAddCurrentTaskToDelayedList
                0x80004610       0x5c src/asf/thirdparty/freertos/source/tasks.o
 .text.vTaskDelay
                0x8000466c       0x48 src/asf/thirdparty/freertos/source/tasks.o
                0x8000466c                vTaskDelay
 .text.prvIdleTask
                0x800046b4       0x80 src/asf/thirdparty/freertos/source/tasks.o
 .text.xTaskGenericCreate
                0x80004734      0x1e4 src/asf/thirdparty/freertos/source/tasks.o
                0x80004734                xTaskGenericCreate
 .text.vTaskStartScheduler
                0x80004918       0x4c src/asf/thirdparty/freertos/source/tasks.o
                0x80004918                vTaskStartScheduler
 .text.vCpuWork
                0x80004964       0x24 src/main.o
 .text.vtaskC   0x80004988       0x40 src/main.o
 .text.vtaskB   0x800049c8       0x40 src/main.o
 .text.vtaskA   0x80004a08       0x40 src/main.o
 .text.init     0x80004a48       0x50 src/main.o
                0x80004a48                init
 .text.main     0x80004a98       0xa8 src/main.o
                0x80004a98                main
 .text.atexit   0x80004b40       0x10 c:/program files (x86)/atmel/atmel toolchain/avr32 gcc/native/3.4.1067/avr32-gnu-toolchain/bin/../lib/gcc/avr32/4.4.7/../../../../avr32/lib/ucr2\libc.a(lib_a-atexit.o)
                                 0x14 (size before relaxing)
                0x80004b40                atexit
 .text.exit     0x80004b50       0x20 c:/program files (x86)/atmel/atmel toolchain/avr32 gcc/native/3.4.1067/avr32-gnu-toolchain/bin/../lib/gcc/avr32/4.4.7/../../../../avr32/lib/ucr2\libc.a(lib_a-exit.o)
                                 0x28 (size before relaxing)
                0x80004b50                exit
 .text.free     0x80004b70       0x14 c:/program files (x86)/atmel/atmel toolchain/avr32 gcc/native/3.4.1067/avr32-gnu-toolchain/bin/../lib/gcc/avr32/4.4.7/../../../../avr32/lib/ucr2\libc.a(lib_a-malloc.o)
                                 0x18 (size before relaxing)
                0x80004b70                free
 .text.malloc   0x80004b84       0x10 c:/program files (x86)/atmel/atmel toolchain/avr32 gcc/native/3.4.1067/avr32-gnu-toolchain/bin/../lib/gcc/avr32/4.4.7/../../../../avr32/lib/ucr2\libc.a(lib_a-malloc.o)
                                 0x18 (size before relaxing)
                0x80004b84                malloc
 .text._malloc_r
                0x80004b94      0x434 c:/program files (x86)/atmel/atmel toolchain/avr32 gcc/native/3.4.1067/avr32-gnu-toolchain/bin/../lib/gcc/avr32/4.4.7/../../../../avr32/lib/ucr2\libc.a(lib_a-mallocr.o)
                                0x450 (size before relaxing)
                0x80004b94                _malloc_r
 .text.memset   0x80004fc8        0xe c:/program files (x86)/atmel/atmel toolchain/avr32 gcc/native/3.4.1067/avr32-gnu-toolchain/bin/../lib/gcc/avr32/4.4.7/../../../../avr32/lib/ucr2\libc.a(lib_a-memset.o)
                0x80004fc8                memset
 *fill*         0x80004fd6        0x2 d703d703
 .text._sbrk_r  0x80004fd8       0x20 c:/program files (x86)/atmel/atmel toolchain/avr32 gcc/native/3.4.1067/avr32-gnu-toolchain/bin/../lib/gcc/avr32/4.4.7/../../../../avr32/lib/ucr2\libc.a(lib_a-sbrkr.o)
                                 0x28 (size before relaxing)
                0x80004fd8                _sbrk_r
 .text.setbuf   0x80004ff8       0x14 c:/program files (x86)/atmel/atmel toolchain/avr32 gcc/native/3.4.1067/avr32-gnu-toolchain/bin/../lib/gcc/avr32/4.4.7/../../../../avr32/lib/ucr2\libc.a(lib_a-setbuf.o)
                                 0x1c (size before relaxing)
                0x80004ff8                setbuf
 .text.setvbuf  0x8000500c      0x10c c:/program files (x86)/atmel/atmel toolchain/avr32 gcc/native/3.4.1067/avr32-gnu-toolchain/bin/../lib/gcc/avr32/4.4.7/../../../../avr32/lib/ucr2\libc.a(lib_a-setvbuf.o)
                                0x120 (size before relaxing)
                0x8000500c                setvbuf
 .text          0x80005118       0x20 c:/program files (x86)/atmel/atmel toolchain/avr32 gcc/native/3.4.1067/avr32-gnu-toolchain/bin/../lib/gcc/avr32/4.4.7/../../../../avr32/lib/ucr2\libc.a(lib_a-strncpy.o)
                0x80005118                strncpy
 .text._init_argv
                0x80005138        0xa c:/program files (x86)/atmel/atmel toolchain/avr32 gcc/native/3.4.1067/avr32-gnu-toolchain/bin/../lib/gcc/avr32/4.4.7/../../../../avr32/lib/ucr2\libc.a(lib_a-syscalls.o)
                0x80005138                _init_argv
 .text._exit    0x80005142        0xa c:/program files (x86)/atmel/atmel toolchain/avr32 gcc/native/3.4.1067/avr32-gnu-toolchain/bin/../lib/gcc/avr32/4.4.7/../../../../avr32/lib/ucr2\libc.a(lib_a-syscalls.o)
                0x80005142                _exit
 .text._close   0x8000514c       0x18 c:/program files (x86)/atmel/atmel toolchain/avr32 gcc/native/3.4.1067/avr32-gnu-toolchain/bin/../lib/gcc/avr32/4.4.7/../../../../avr32/lib/ucr2\libc.a(lib_a-syscalls.o)
                0x8000514c                _close
 .text._lseek   0x80005164       0x18 c:/program files (x86)/atmel/atmel toolchain/avr32 gcc/native/3.4.1067/avr32-gnu-toolchain/bin/../lib/gcc/avr32/4.4.7/../../../../avr32/lib/ucr2\libc.a(lib_a-syscalls.o)
                0x80005164                _lseek
 .text._sbrk    0x8000517c       0x3c c:/program files (x86)/atmel/atmel toolchain/avr32 gcc/native/3.4.1067/avr32-gnu-toolchain/bin/../lib/gcc/avr32/4.4.7/../../../../avr32/lib/ucr2\libc.a(lib_a-syscalls.o)
                                 0x40 (size before relaxing)
                0x8000517c                _sbrk
 .text.__register_exitproc
                0x800051b8       0xa8 c:/program files (x86)/atmel/atmel toolchain/avr32 gcc/native/3.4.1067/avr32-gnu-toolchain/bin/../lib/gcc/avr32/4.4.7/../../../../avr32/lib/ucr2\libc.a(lib_a-__atexit.o)
                                 0xac (size before relaxing)
                0x800051b8                __register_exitproc
 .text.__call_exitprocs
                0x80005260       0xd0 c:/program files (x86)/atmel/atmel toolchain/avr32 gcc/native/3.4.1067/avr32-gnu-toolchain/bin/../lib/gcc/avr32/4.4.7/../../../../avr32/lib/ucr2\libc.a(lib_a-__call_atexit.o)
                                 0xd4 (size before relaxing)
                0x80005260                __call_exitprocs
 .text.__errno  0x80005330        0xc c:/program files (x86)/atmel/atmel toolchain/avr32 gcc/native/3.4.1067/avr32-gnu-toolchain/bin/../lib/gcc/avr32/4.4.7/../../../../avr32/lib/ucr2\libc.a(lib_a-errno.o)
                0x80005330                __errno
 .text._fflush_r
                0x8000533c      0x110 c:/program files (x86)/atmel/atmel toolchain/avr32 gcc/native/3.4.1067/avr32-gnu-toolchain/bin/../lib/gcc/avr32/4.4.7/../../../../avr32/lib/ucr2\libc.a(lib_a-fflush.o)
                                0x118 (size before relaxing)
                0x8000533c                _fflush_r
 .text.__sfp_lock_acquire
                0x8000544c        0x2 c:/program files (x86)/atmel/atmel toolchain/avr32 gcc/native/3.4.1067/avr32-gnu-toolchain/bin/../lib/gcc/avr32/4.4.7/../../../../avr32/lib/ucr2\libc.a(lib_a-findfp.o)
                0x8000544c                __sfp_lock_acquire
 .text.__sfp_lock_release
                0x8000544e        0x2 c:/program files (x86)/atmel/atmel toolchain/avr32 gcc/native/3.4.1067/avr32-gnu-toolchain/bin/../lib/gcc/avr32/4.4.7/../../../../avr32/lib/ucr2\libc.a(lib_a-findfp.o)
                0x8000544e                __sfp_lock_release
 .text._cleanup_r
                0x80005450        0xc c:/program files (x86)/atmel/atmel toolchain/avr32 gcc/native/3.4.1067/avr32-gnu-toolchain/bin/../lib/gcc/avr32/4.4.7/../../../../avr32/lib/ucr2\libc.a(lib_a-findfp.o)
                                 0x14 (size before relaxing)
                0x80005450                _cleanup_r
 .text.__sfmoreglue
                0x8000545c       0x28 c:/program files (x86)/atmel/atmel toolchain/avr32 gcc/native/3.4.1067/avr32-gnu-toolchain/bin/../lib/gcc/avr32/4.4.7/../../../../avr32/lib/ucr2\libc.a(lib_a-findfp.o)
                                 0x30 (size before relaxing)
                0x8000545c                __sfmoreglue
 .text.__sfp    0x80005484       0x70 c:/program files (x86)/atmel/atmel toolchain/avr32 gcc/native/3.4.1067/avr32-gnu-toolchain/bin/../lib/gcc/avr32/4.4.7/../../../../avr32/lib/ucr2\libc.a(lib_a-findfp.o)
                                 0x7c (size before relaxing)
                0x80005484                __sfp
 .text.__sinit  0x800054f4       0x9c c:/program files (x86)/atmel/atmel toolchain/avr32 gcc/native/3.4.1067/avr32-gnu-toolchain/bin/../lib/gcc/avr32/4.4.7/../../../../avr32/lib/ucr2\libc.a(lib_a-findfp.o)
                                 0xb0 (size before relaxing)
                0x800054f4                __sinit
 .text._malloc_trim_r
                0x80005590       0x9c c:/program files (x86)/atmel/atmel toolchain/avr32 gcc/native/3.4.1067/avr32-gnu-toolchain/bin/../lib/gcc/avr32/4.4.7/../../../../avr32/lib/ucr2\libc.a(lib_a-freer.o)
                                 0xa8 (size before relaxing)
                0x80005590                _malloc_trim_r
 .text._free_r  0x8000562c      0x190 c:/program files (x86)/atmel/atmel toolchain/avr32 gcc/native/3.4.1067/avr32-gnu-toolchain/bin/../lib/gcc/avr32/4.4.7/../../../../avr32/lib/ucr2\libc.a(lib_a-freer.o)
                                0x1a0 (size before relaxing)
                0x8000562c                _free_r
 .text._fwalk   0x800057bc       0x48 c:/program files (x86)/atmel/atmel toolchain/avr32 gcc/native/3.4.1067/avr32-gnu-toolchain/bin/../lib/gcc/avr32/4.4.7/../../../../avr32/lib/ucr2\libc.a(lib_a-fwalk.o)
                                 0x54 (size before relaxing)
                0x800057bc                _fwalk
 .text.__sclose
                0x80005804        0x8 c:/program files (x86)/atmel/atmel toolchain/avr32 gcc/native/3.4.1067/avr32-gnu-toolchain/bin/../lib/gcc/avr32/4.4.7/../../../../avr32/lib/ucr2\libc.a(lib_a-stdio.o)
                                 0x10 (size before relaxing)
                0x80005804                __sclose
 .text.__sseek  0x8000580c       0x20 c:/program files (x86)/atmel/atmel toolchain/avr32 gcc/native/3.4.1067/avr32-gnu-toolchain/bin/../lib/gcc/avr32/4.4.7/../../../../avr32/lib/ucr2\libc.a(lib_a-stdio.o)
                                 0x28 (size before relaxing)
                0x8000580c                __sseek
 .text.__swrite
                0x8000582c       0x2c c:/program files (x86)/atmel/atmel toolchain/avr32 gcc/native/3.4.1067/avr32-gnu-toolchain/bin/../lib/gcc/avr32/4.4.7/../../../../avr32/lib/ucr2\libc.a(lib_a-stdio.o)
                                 0x38 (size before relaxing)
                0x8000582c                __swrite
 .text.__sread  0x80005858       0x1c c:/program files (x86)/atmel/atmel toolchain/avr32 gcc/native/3.4.1067/avr32-gnu-toolchain/bin/../lib/gcc/avr32/4.4.7/../../../../avr32/lib/ucr2\libc.a(lib_a-stdio.o)
                                 0x24 (size before relaxing)
                0x80005858                __sread
 .text._write_r
                0x80005874       0x28 c:/program files (x86)/atmel/atmel toolchain/avr32 gcc/native/3.4.1067/avr32-gnu-toolchain/bin/../lib/gcc/avr32/4.4.7/../../../../avr32/lib/ucr2\libc.a(lib_a-writer.o)
                                 0x2c (size before relaxing)
                0x80005874                _write_r
 .text._close_r
                0x8000589c       0x24 c:/program files (x86)/atmel/atmel toolchain/avr32 gcc/native/3.4.1067/avr32-gnu-toolchain/bin/../lib/gcc/avr32/4.4.7/../../../../avr32/lib/ucr2\libc.a(lib_a-closer.o)
                                 0x28 (size before relaxing)
                0x8000589c                _close_r
 .text._fclose_r
                0x800058c0       0xb4 c:/program files (x86)/atmel/atmel toolchain/avr32 gcc/native/3.4.1067/avr32-gnu-toolchain/bin/../lib/gcc/avr32/4.4.7/../../../../avr32/lib/ucr2\libc.a(lib_a-fclose.o)
                                 0xd0 (size before relaxing)
                0x800058c0                _fclose_r
 .text.fclose   0x80005974       0x10 c:/program files (x86)/atmel/atmel toolchain/avr32 gcc/native/3.4.1067/avr32-gnu-toolchain/bin/../lib/gcc/avr32/4.4.7/../../../../avr32/lib/ucr2\libc.a(lib_a-fclose.o)
                                 0x18 (size before relaxing)
                0x80005974                fclose
 .text._lseek_r
                0x80005984       0x28 c:/program files (x86)/atmel/atmel toolchain/avr32 gcc/native/3.4.1067/avr32-gnu-toolchain/bin/../lib/gcc/avr32/4.4.7/../../../../avr32/lib/ucr2\libc.a(lib_a-lseekr.o)
                                 0x2c (size before relaxing)
                0x80005984                _lseek_r
 .text._read_r  0x800059ac       0x28 c:/program files (x86)/atmel/atmel toolchain/avr32 gcc/native/3.4.1067/avr32-gnu-toolchain/bin/../lib/gcc/avr32/4.4.7/../../../../avr32/lib/ucr2\libc.a(lib_a-readr.o)
                                 0x2c (size before relaxing)
                0x800059ac                _read_r
 .text          0x800059d4       0x18 c:/program files (x86)/atmel/atmel toolchain/avr32 gcc/native/3.4.1067/avr32-gnu-toolchain/bin/../lib/gcc/avr32/4.4.7/ucr2/crtend.o
 *(.text.*personality*)
 *(.gnu.warning)

.exception      0x80005a00      0x200
 .exception     0x80005a00      0x200 src/asf/thirdparty/freertos/source/portable/gcc/avr32_uc3/exception.o
                0x80005a00                _evba
                0x80005b3c                ipr_val

.fini           0x80005c00       0x18
 *(.fini)
 .fini          0x80005c00       0x10 c:/program files (x86)/atmel/atmel toolchain/avr32 gcc/native/3.4.1067/avr32-gnu-toolchain/bin/../lib/gcc/avr32/4.4.7/ucr2/crti.o
                0x80005c00                _fini
 .fini          0x80005c10        0x4 c:/program files (x86)/atmel/atmel toolchain/avr32 gcc/native/3.4.1067/avr32-gnu-toolchain/bin/../lib/gcc/avr32/4.4.7/ucr2/crtbegin.o
 .fini          0x80005c14        0x4 c:/program files (x86)/atmel/atmel toolchain/avr32 gcc/native/3.4.1067/avr32-gnu-toolchain/bin/../lib/gcc/avr32/4.4.7/ucr2/crtn.o
                0x80005c18                PROVIDE (__etext, .)
                0x80005c18                PROVIDE (_etext, .)
                0x80005c18                PROVIDE (etext, .)

.rodata         0x80005c18      0x164
 *(.rodata .rodata.* .gnu.linkonce.r.*)
 .rodata._int_handler_table
                0x80005c18       0xf0 src/asf/avr32/drivers/intc/intc.o
 .rodata.str1.4
                0x80005d08        0x5 src/asf/thirdparty/freertos/source/tasks.o
                                  0x8 (size before relaxing)
 *fill*         0x80005d0d        0x3 
 .rodata.str1.4
                0x80005d10        0x6 src/main.o
                                  0x8 (size before relaxing)
 .rodata.str1.4
                0x00000000        0x8 c:/program files (x86)/atmel/atmel toolchain/avr32 gcc/native/3.4.1067/avr32-gnu-toolchain/bin/../lib/gcc/avr32/4.4.7/../../../../avr32/lib/ucr2\libc.a(lib_a-impure.o)
                                  0x4 (size before relaxing)
 *fill*         0x80005d16        0x2 
 .rodata._global_impure_ptr
                0x80005d18        0x4 c:/program files (x86)/atmel/atmel toolchain/avr32 gcc/native/3.4.1067/avr32-gnu-toolchain/bin/../lib/gcc/avr32/4.4.7/../../../../avr32/lib/ucr2\libc.a(lib_a-impure.o)
                0x80005d18                _global_impure_ptr
 .rodata.__sf_fake_stdin
                0x80005d1c       0x20 c:/program files (x86)/atmel/atmel toolchain/avr32 gcc/native/3.4.1067/avr32-gnu-toolchain/bin/../lib/gcc/avr32/4.4.7/../../../../avr32/lib/ucr2\libc.a(lib_a-findfp.o)
                0x80005d1c                __sf_fake_stdin
 .rodata.__sf_fake_stdout
                0x80005d3c       0x20 c:/program files (x86)/atmel/atmel toolchain/avr32 gcc/native/3.4.1067/avr32-gnu-toolchain/bin/../lib/gcc/avr32/4.4.7/../../../../avr32/lib/ucr2\libc.a(lib_a-findfp.o)
                0x80005d3c                __sf_fake_stdout
 .rodata.__sf_fake_stderr
                0x80005d5c       0x20 c:/program files (x86)/atmel/atmel toolchain/avr32 gcc/native/3.4.1067/avr32-gnu-toolchain/bin/../lib/gcc/avr32/4.4.7/../../../../avr32/lib/ucr2\libc.a(lib_a-findfp.o)
                0x80005d5c                __sf_fake_stderr

.rodata1
 *(.rodata1)

.eh_frame_hdr
 *(.eh_frame_hdr)

.eh_frame
 *(.eh_frame)

.gcc_except_table
 *(.gcc_except_table)
 *(.gcc_except_table.*)

.lalign         0x80005d7c        0x4
                0x80005d80                . = ALIGN (0x8)
 *fill*         0x80005d7c        0x4 
                0x80005d80                PROVIDE (_data_lma, .)
                0x00000004                . = ORIGIN (INTRAM)

.dalign         0x00000004        0x4
                0x00000008                . = ALIGN (0x8)
 *fill*         0x00000004        0x4 
                0x00000008                PROVIDE (_data, .)

.eh_frame
 *(.eh_frame)

.gcc_except_table
 *(.gcc_except_table)
 *(.gcc_except_table.*)

.tdata
 *(.tdata .tdata.* .gnu.linkonce.td.*)

.tbss
 *(.tbss .tbss.* .gnu.linkonce.tb.*)
 *(.tcommon)
                0x00000008                PROVIDE (__preinit_array_start, ALIGN (0x4))

.preinit_array
 *(.preinit_array)
                0x00000008                PROVIDE (__preinit_array_end, .)
                0x00000008                PROVIDE (__init_array_start, .)

.init_array
 *(.init_array)
                0x00000008                PROVIDE (__init_array_end, .)
                0x00000008                PROVIDE (__fini_array_start, .)

.fini_array
 *(.fini_array)
                0x00000008                PROVIDE (__fini_array_end, .)

.ctors          0x00000008        0x8 load address 0x80005d80
 *crtbegin*.o(.ctors)
 .ctors         0x00000008        0x4 c:/program files (x86)/atmel/atmel toolchain/avr32 gcc/native/3.4.1067/avr32-gnu-toolchain/bin/../lib/gcc/avr32/4.4.7/ucr2/crtbegin.o
 *(EXCLUDE_FILE(*crtend*.o) .ctors)
 *(SORT(.ctors.*))
 *(.ctors)
 .ctors         0x0000000c        0x4 c:/program files (x86)/atmel/atmel toolchain/avr32 gcc/native/3.4.1067/avr32-gnu-toolchain/bin/../lib/gcc/avr32/4.4.7/ucr2/crtend.o

.dtors          0x00000010        0x8 load address 0x80005d88
 *crtbegin*.o(.dtors)
 .dtors         0x00000010        0x4 c:/program files (x86)/atmel/atmel toolchain/avr32 gcc/native/3.4.1067/avr32-gnu-toolchain/bin/../lib/gcc/avr32/4.4.7/ucr2/crtbegin.o
 *(EXCLUDE_FILE(*crtend*.o) .dtors)
 *(SORT(.dtors.*))
 *(.dtors)
 .dtors         0x00000014        0x4 c:/program files (x86)/atmel/atmel toolchain/avr32 gcc/native/3.4.1067/avr32-gnu-toolchain/bin/../lib/gcc/avr32/4.4.7/ucr2/crtend.o
                0x00000014                __DTOR_END__

.jcr            0x00000018        0x4 load address 0x80005d90
 *(.jcr)
 .jcr           0x00000018        0x0 c:/program files (x86)/atmel/atmel toolchain/avr32 gcc/native/3.4.1067/avr32-gnu-toolchain/bin/../lib/gcc/avr32/4.4.7/ucr2/crtbegin.o
 .jcr           0x00000018        0x4 c:/program files (x86)/atmel/atmel toolchain/avr32 gcc/native/3.4.1067/avr32-gnu-toolchain/bin/../lib/gcc/avr32/4.4.7/ucr2/crtend.o

.data.rel.ro
 *(.data.rel.ro.local)
 *(.data.rel.ro*)

.dynamic
 *(.dynamic)

.got            0x0000001c        0x0 load address 0x80005d94
 *(.got.plt)
 *(.got)
 .got           0x0000001c        0x0 c:/program files (x86)/atmel/atmel toolchain/avr32 gcc/native/3.4.1067/avr32-gnu-toolchain/bin/../lib/gcc/avr32/4.4.7/../../../../avr32/lib/ucr2/crt0.o
                0x0000001c                _GLOBAL_OFFSET_TABLE_

.ramtext
 *(.ramtext .ramtext.*)

.ddalign        0x0000001c        0x0 load address 0x80005d94
                0x00000020                . = ALIGN (0x8)

.data           0x0000001c      0x5d8 load address 0x80005d94
 *(.data .data.* .gnu.linkonce.d.*)
 .data.udi_api_cdc_data
                0x0000001c       0x14 src/asf/common/services/usb/class/cdc/device/udi_cdc.o
                0x0000001c                udi_api_cdc_data
 .data.udi_api_cdc_comm
                0x00000030       0x14 src/asf/common/services/usb/class/cdc/device/udi_cdc.o
                0x00000030                udi_api_cdc_comm
 .data.uid_cdc_state_msg
                0x00000044        0xc src/asf/common/services/usb/class/cdc/device/udi_cdc.o
 .data.udc_desc
                0x00000050       0x44 src/asf/common/services/usb/class/cdc/device/udi_cdc_desc.o
                0x00000050                udc_desc
 .data.udc_config_fshs
                0x00000094        0x8 src/asf/common/services/usb/class/cdc/device/udi_cdc_desc.o
                0x00000094                udc_config_fshs
 .data.udi_apis
                0x0000009c        0x8 src/asf/common/services/usb/class/cdc/device/udi_cdc_desc.o
                0x0000009c                udi_apis
 .data.udc_config
                0x000000a4        0x8 src/asf/common/services/usb/class/cdc/device/udi_cdc_desc.o
                0x000000a4                udc_config
 .data.udc_device_desc
                0x000000ac       0x14 src/asf/common/services/usb/class/cdc/device/udi_cdc_desc.o
                0x000000ac                udc_device_desc
 .data.udc_string_product_name
                0x000000c0        0x4 src/asf/common/services/usb/udc/udc.o
 .data.udc_string_manufacturer_name
                0x000000c4        0xc src/asf/common/services/usb/udc/udc.o
 .data.udc_string_desc
                0x000000d0       0x14 src/asf/common/services/usb/udc/udc.o
 .data.udc_string_desc_languageid
                0x000000e4        0x4 src/asf/common/services/usb/udc/udc.o
 .data.ulCriticalNesting
                0x000000e8        0x4 src/asf/thirdparty/freertos/source/portable/gcc/avr32_uc3/port.o
                0x000000e8                ulCriticalNesting
 .data.xNextTaskUnblockTime
                0x000000ec        0x4 src/asf/thirdparty/freertos/source/tasks.o
 .data.impure_data
                0x000000f0       0xf0 c:/program files (x86)/atmel/atmel toolchain/avr32 gcc/native/3.4.1067/avr32-gnu-toolchain/bin/../lib/gcc/avr32/4.4.7/../../../../avr32/lib/ucr2\libc.a(lib_a-impure.o)
 .data._impure_ptr
                0x000001e0        0x4 c:/program files (x86)/atmel/atmel toolchain/avr32 gcc/native/3.4.1067/avr32-gnu-toolchain/bin/../lib/gcc/avr32/4.4.7/../../../../avr32/lib/ucr2\libc.a(lib_a-impure.o)
                0x000001e0                _impure_ptr
 .data.__malloc_av_
                0x000001e4      0x408 c:/program files (x86)/atmel/atmel toolchain/avr32 gcc/native/3.4.1067/avr32-gnu-toolchain/bin/../lib/gcc/avr32/4.4.7/../../../../avr32/lib/ucr2\libc.a(lib_a-mallocr.o)
                0x000001e4                __malloc_av_
 .data.__malloc_trim_threshold
                0x000005ec        0x4 c:/program files (x86)/atmel/atmel toolchain/avr32 gcc/native/3.4.1067/avr32-gnu-toolchain/bin/../lib/gcc/avr32/4.4.7/../../../../avr32/lib/ucr2\libc.a(lib_a-mallocr.o)
                0x000005ec                __malloc_trim_threshold
 .data.__malloc_sbrk_base
                0x000005f0        0x4 c:/program files (x86)/atmel/atmel toolchain/avr32 gcc/native/3.4.1067/avr32-gnu-toolchain/bin/../lib/gcc/avr32/4.4.7/../../../../avr32/lib/ucr2\libc.a(lib_a-mallocr.o)
                0x000005f0                __malloc_sbrk_base
 *(.gnu.linkonce.d.*personality*)

.data1
 *(.data1)

.balign         0x000005f4       0x1c load address 0x8000636c
                0x000005f8                . = ALIGN (0x8)
 *fill*         0x000005f4        0x4 
                0x000005f8                PROVIDE (_edata, .)
                0x000005f8                PROVIDE (edata, .)
                0x000005f8                __bss_start = .

.bss            0x00000610      0x430
 *(.dynbss)
 *(.bss .bss.* .gnu.linkonce.b.*)
 .bss           0x00000610        0x8 c:/program files (x86)/atmel/atmel toolchain/avr32 gcc/native/3.4.1067/avr32-gnu-toolchain/bin/../lib/gcc/avr32/4.4.7/ucr2/crtbegin.o
 .bss._int_line_handler_table_0
                0x00000618        0x4 src/asf/avr32/drivers/intc/intc.o
 .bss._int_line_handler_table_1
                0x0000061c       0x28 src/asf/avr32/drivers/intc/intc.o
 .bss._int_line_handler_table_2
                0x00000644       0x38 src/asf/avr32/drivers/intc/intc.o
 .bss._int_line_handler_table_21
                0x0000067c        0x4 src/asf/avr32/drivers/intc/intc.o
 .bss._int_line_handler_table_22
                0x00000680       0x14 src/asf/avr32/drivers/intc/intc.o
 .bss._int_line_handler_table_23
                0x00000694        0x4 src/asf/avr32/drivers/intc/intc.o
 .bss._int_line_handler_table_16
                0x00000698        0xc src/asf/avr32/drivers/intc/intc.o
 .bss._int_line_handler_table_10
                0x000006a4        0x4 src/asf/avr32/drivers/intc/intc.o
 .bss._int_line_handler_table_11
                0x000006a8        0x4 src/asf/avr32/drivers/intc/intc.o
 .bss._int_line_handler_table_12
                0x000006ac        0x4 src/asf/avr32/drivers/intc/intc.o
 .bss._int_line_handler_table_13
                0x000006b0        0x4 src/asf/avr32/drivers/intc/intc.o
 .bss._int_line_handler_table_14
                0x000006b4        0xc src/asf/avr32/drivers/intc/intc.o
 .bss._int_line_handler_table_15
                0x000006c0        0x4 src/asf/avr32/drivers/intc/intc.o
 .bss._int_line_handler_table_20
                0x000006c4        0x4 src/asf/avr32/drivers/intc/intc.o
 .bss._int_line_handler_table_17
                0x000006c8        0x4 src/asf/avr32/drivers/intc/intc.o
 .bss._int_line_handler_table_18
                0x000006cc        0x4 src/asf/avr32/drivers/intc/intc.o
 .bss._int_line_handler_table_19
                0x000006d0        0x4 src/asf/avr32/drivers/intc/intc.o
 .bss._int_line_handler_table_3
                0x000006d4       0x20 src/asf/avr32/drivers/intc/intc.o
 .bss._int_line_handler_table_4
                0x000006f4        0x4 src/asf/avr32/drivers/intc/intc.o
 .bss._int_line_handler_table_5
                0x000006f8        0x4 src/asf/avr32/drivers/intc/intc.o
 .bss._int_line_handler_table_6
                0x000006fc        0x4 src/asf/avr32/drivers/intc/intc.o
 .bss._int_line_handler_table_7
                0x00000700        0x4 src/asf/avr32/drivers/intc/intc.o
 .bss._int_line_handler_table_8
                0x00000704        0x4 src/asf/avr32/drivers/intc/intc.o
 .bss._int_line_handler_table_9
                0x00000708        0x4 src/asf/avr32/drivers/intc/intc.o
 .bss._int_line_handler_table_24
                0x0000070c        0x4 src/asf/avr32/drivers/intc/intc.o
 .bss._int_line_handler_table_26
                0x00000710        0x4 src/asf/avr32/drivers/intc/intc.o
 .bss._int_line_handler_table_25
                0x00000714        0x4 src/asf/avr32/drivers/intc/intc.o
 .bss._int_line_handler_table_27
                0x00000718        0x4 src/asf/avr32/drivers/intc/intc.o
 .bss._int_line_handler_table_28
                0x0000071c        0x4 src/asf/avr32/drivers/intc/intc.o
 .bss._int_line_handler_table_29
                0x00000720        0x4 src/asf/avr32/drivers/intc/intc.o
 .bss.udd_ctrl_prev_payload_nb_trans
                0x00000724        0x2 src/asf/avr32/drivers/usbb/usbb_device.o
 *fill*         0x00000726        0x2 
 .bss.udd_ep_job
                0x00000728       0x30 src/asf/avr32/drivers/usbb/usbb_device.o
 .bss.udd_b_idle
                0x00000758        0x1 src/asf/avr32/drivers/usbb/usbb_device.o
 *fill*         0x00000759        0x1 
 .bss.udd_ctrl_payload_nb_trans
                0x0000075a        0x2 src/asf/avr32/drivers/usbb/usbb_device.o
 .bss.udd_ep_control_state
                0x0000075c        0x4 src/asf/avr32/drivers/usbb/usbb_device.o
 .bss.udd_ctrl_payload_need_in_zlp
                0x00000760        0x1 src/asf/avr32/drivers/usbb/usbb_device.o
 *fill*         0x00000761        0x3 
 .bss.sysclk_bus_refcount
                0x00000764        0x4 src/asf/common/services/clock/uc3a3_a4/sysclk.o
 .bss.udi_cdc_line_coding
                0x00000768        0x7 src/asf/common/services/usb/class/cdc/device/udi_cdc.o
 .bss.udi_cdc_tx_buf_sel
                0x0000076f        0x1 src/asf/common/services/usb/class/cdc/device/udi_cdc.o
 .bss.udi_cdc_tx_buf_nb
                0x00000770        0x4 src/asf/common/services/usb/class/cdc/device/udi_cdc.o
 .bss.udi_cdc_tx_buf
                0x00000774       0x80 src/asf/common/services/usb/class/cdc/device/udi_cdc.o
 .bss.udi_cdc_rx_buf_nb
                0x000007f4        0x4 src/asf/common/services/usb/class/cdc/device/udi_cdc.o
 .bss.udi_cdc_rx_pos
                0x000007f8        0x2 src/asf/common/services/usb/class/cdc/device/udi_cdc.o
 .bss.udi_cdc_tx_sof_num
                0x000007fa        0x2 src/asf/common/services/usb/class/cdc/device/udi_cdc.o
 .bss.udi_cdc_rx_buf_sel
                0x000007fc        0x1 src/asf/common/services/usb/class/cdc/device/udi_cdc.o
 .bss.udi_cdc_running
                0x000007fd        0x1 src/asf/common/services/usb/class/cdc/device/udi_cdc.o
 .bss.udi_cdc_tx_trans_ongoing
                0x000007fe        0x1 src/asf/common/services/usb/class/cdc/device/udi_cdc.o
 *fill*         0x000007ff        0x1 
 .bss.udi_cdc_rx_buf
                0x00000800       0x80 src/asf/common/services/usb/class/cdc/device/udi_cdc.o
 .bss.udi_cdc_rx_trans_ongoing
                0x00000880        0x1 src/asf/common/services/usb/class/cdc/device/udi_cdc.o
 .bss.udi_cdc_tx_both_buf_to_send
                0x00000881        0x1 src/asf/common/services/usb/class/cdc/device/udi_cdc.o
 .bss.udi_cdc_state
                0x00000882        0x2 src/asf/common/services/usb/class/cdc/device/udi_cdc.o
 .bss.udc_iface_setting.14245
                0x00000884        0x1 src/asf/common/services/usb/udc/udc.o
 *fill*         0x00000885        0x3 
 .bss.udc_ptr_conf
                0x00000888        0x4 src/asf/common/services/usb/udc/udc.o
 .bss.udc_device_status
                0x0000088c        0x2 src/asf/common/services/usb/udc/udc.o
 .bss.udc_num_configuration
                0x0000088e        0x1 src/asf/common/services/usb/udc/udc.o
 *fill*         0x0000088f        0x1 
 .bss.udc_ep_status.14041
                0x00000890        0x2 src/asf/common/services/usb/udc/udc.o
 *fill*         0x00000892        0x2 
 .bss.udc_ptr_iface
                0x00000894        0x4 src/asf/common/services/usb/udc/udc.o
 .bss.stdio_usb_interface_enable
                0x00000898        0x1 src/asf/common/utils/stdio/stdio_usb/stdio_usb.o
 *fill*         0x00000899        0x3 
 .bss.uxMissedTicks
                0x0000089c        0x4 src/asf/thirdparty/freertos/source/tasks.o
 .bss.uxTopUsedPriority
                0x000008a0        0x4 src/asf/thirdparty/freertos/source/tasks.o
 .bss.pxDelayedTaskList
                0x000008a4        0x4 src/asf/thirdparty/freertos/source/tasks.o
 .bss.xSchedulerRunning
                0x000008a8        0x4 src/asf/thirdparty/freertos/source/tasks.o
 .bss.uxTasksDeleted
                0x000008ac        0x4 src/asf/thirdparty/freertos/source/tasks.o
 .bss.xNumOfOverflows
                0x000008b0        0x4 src/asf/thirdparty/freertos/source/tasks.o
 .bss.pxOverflowDelayedTaskList
                0x000008b4        0x4 src/asf/thirdparty/freertos/source/tasks.o
 .bss.pxReadyTasksLists
                0x000008b8       0xa0 src/asf/thirdparty/freertos/source/tasks.o
 .bss.xTasksWaitingTermination
                0x00000958       0x14 src/asf/thirdparty/freertos/source/tasks.o
 .bss.pxCurrentTCB
                0x0000096c        0x4 src/asf/thirdparty/freertos/source/tasks.o
                0x0000096c                pxCurrentTCB
 .bss.xPendingReadyList
                0x00000970       0x14 src/asf/thirdparty/freertos/source/tasks.o
 .bss.xDelayedTaskList1
                0x00000984       0x14 src/asf/thirdparty/freertos/source/tasks.o
 .bss.xTickCount
                0x00000998        0x4 src/asf/thirdparty/freertos/source/tasks.o
 .bss.uxSchedulerSuspended
                0x0000099c        0x4 src/asf/thirdparty/freertos/source/tasks.o
 .bss.xDelayedTaskList2
                0x000009a0       0x14 src/asf/thirdparty/freertos/source/tasks.o
 .bss.uxTaskNumber
                0x000009b4        0x4 src/asf/thirdparty/freertos/source/tasks.o
 .bss.uxCurrentNumberOfTasks
                0x000009b8        0x4 src/asf/thirdparty/freertos/source/tasks.o
 .bss.xMissedYield
                0x000009bc        0x4 src/asf/thirdparty/freertos/source/tasks.o
 .bss.xSuspendedTaskList
                0x000009c0       0x14 src/asf/thirdparty/freertos/source/tasks.o
 .bss.uxTopReadyPriority
                0x000009d4        0x4 src/asf/thirdparty/freertos/source/tasks.o
 .bss.__malloc_max_total_mem
                0x000009d8        0x4 c:/program files (x86)/atmel/atmel toolchain/avr32 gcc/native/3.4.1067/avr32-gnu-toolchain/bin/../lib/gcc/avr32/4.4.7/../../../../avr32/lib/ucr2\libc.a(lib_a-mallocr.o)
                0x000009d8                __malloc_max_total_mem
 .bss.__malloc_max_sbrked_mem
                0x000009dc        0x4 c:/program files (x86)/atmel/atmel toolchain/avr32 gcc/native/3.4.1067/avr32-gnu-toolchain/bin/../lib/gcc/avr32/4.4.7/../../../../avr32/lib/ucr2\libc.a(lib_a-mallocr.o)
                0x000009dc                __malloc_max_sbrked_mem
 .bss.__malloc_top_pad
                0x000009e0        0x4 c:/program files (x86)/atmel/atmel toolchain/avr32 gcc/native/3.4.1067/avr32-gnu-toolchain/bin/../lib/gcc/avr32/4.4.7/../../../../avr32/lib/ucr2\libc.a(lib_a-mallocr.o)
                0x000009e0                __malloc_top_pad
 .bss.__malloc_current_mallinfo
                0x000009e4       0x28 c:/program files (x86)/atmel/atmel toolchain/avr32 gcc/native/3.4.1067/avr32-gnu-toolchain/bin/../lib/gcc/avr32/4.4.7/../../../../avr32/lib/ucr2\libc.a(lib_a-mallocr.o)
                0x000009e4                __malloc_current_mallinfo
 .bss.cur_heap_pos.1869
                0x00000a0c        0x4 c:/program files (x86)/atmel/atmel toolchain/avr32 gcc/native/3.4.1067/avr32-gnu-toolchain/bin/../lib/gcc/avr32/4.4.7/../../../../avr32/lib/ucr2\libc.a(lib_a-syscalls.o)
 *(COMMON)
 COMMON         0x00000a10       0x18 src/asf/avr32/drivers/usbb/usbb_device.o
                0x00000a10                udd_g_ctrlreq
 COMMON         0x00000a28        0x7 src/asf/common/services/sleepmgr/uc3/sleepmgr.o
                0x00000a28                sleepmgr_locks
 *fill*         0x00000a2f        0x1 
 COMMON         0x00000a30        0x4 src/asf/common/utils/stdio/read.o
                0x00000a30                ptr_get
 COMMON         0x00000a34        0x8 src/asf/common/utils/stdio/write.o
                0x00000a34                ptr_put
                0x00000a38                stdio_base
 COMMON         0x00000a3c        0x4 c:/program files (x86)/atmel/atmel toolchain/avr32 gcc/native/3.4.1067/avr32-gnu-toolchain/bin/../lib/gcc/avr32/4.4.7/../../../../avr32/lib/ucr2\libc.a(lib_a-reent.o)
                0x00000a3c                errno
                0x00000a40                . = ALIGN (0x8)
 *fill*         0x00000a40        0x0 
                0x00000a40                . = ALIGN (0x8)
                0x00000a40                _end = .
                0x00000a40                PROVIDE (end, .)
                0x00000a40                __heap_start__ = ALIGN (0x8)

.heap           0x00000a40     0xe5c0
 *(.heap)
                0x0000e5c0                . = (__heap_size__ == __max_heap_size__)?(((ORIGIN (INTRAM) + 0xfffc) - __stack_size__) - ABSOLUTE (.)):__heap_size__
 *fill*         0x00000a40     0xe5c0 
                0x0000f000                __heap_end__ = .

.stab
 *(.stab)

.stabstr
 *(.stabstr)

.stab.excl
 *(.stab.excl)

.stab.exclstr
 *(.stab.exclstr)

.stab.index
 *(.stab.index)

.stab.indexstr
 *(.stab.indexstr)

.comment        0x00000000       0x30
 *(.comment)
 .comment       0x00000000       0x30 c:/program files (x86)/atmel/atmel toolchain/avr32 gcc/native/3.4.1067/avr32-gnu-toolchain/bin/../lib/gcc/avr32/4.4.7/ucr2/crtbegin.o
                                 0x31 (size before relaxing)
 .comment       0x00000000       0x31 src/asf/avr32/boards/uc3_a3_xplained/init.o
 .comment       0x00000000       0x31 src/asf/avr32/drivers/gpio/gpio.o
 .comment       0x00000000       0x31 src/asf/avr32/drivers/intc/intc.o
 .comment       0x00000000       0x31 src/asf/avr32/drivers/pm/pm.o
 .comment       0x00000000       0x31 src/asf/avr32/drivers/pm/power_clocks_lib.o
 .comment       0x00000000       0x31 src/asf/avr32/drivers/usbb/usbb_device.o
 .comment       0x00000000       0x31 src/asf/common/services/clock/uc3a3_a4/sysclk.o
 .comment       0x00000000       0x31 src/asf/common/services/sleepmgr/uc3/sleepmgr.o
 .comment       0x00000000       0x31 src/asf/common/services/usb/class/cdc/device/udi_cdc.o
 .comment       0x00000000       0x31 src/asf/common/services/usb/class/cdc/device/udi_cdc_desc.o
 .comment       0x00000000       0x31 src/asf/common/services/usb/udc/udc.o
 .comment       0x00000000       0x31 src/asf/common/utils/stdio/read.o
 .comment       0x00000000       0x31 src/asf/common/utils/stdio/stdio_usb/stdio_usb.o
 .comment       0x00000000       0x31 src/asf/common/utils/stdio/write.o
 .comment       0x00000000       0x31 src/asf/thirdparty/freertos/source/list.o
 .comment       0x00000000       0x31 src/asf/thirdparty/freertos/source/portable/gcc/avr32_uc3/port.o
 .comment       0x00000000       0x31 src/asf/thirdparty/freertos/source/portable/memmang/heap_3.o
 .comment       0x00000000       0x31 src/asf/thirdparty/freertos/source/tasks.o
 .comment       0x00000000       0x31 src/main.o
 .comment       0x00000000       0x31 c:/program files (x86)/atmel/atmel toolchain/avr32 gcc/native/3.4.1067/avr32-gnu-toolchain/bin/../lib/gcc/avr32/4.4.7/../../../../avr32/lib/ucr2\libc.a(lib_a-atexit.o)
 .comment       0x00000000       0x31 c:/program files (x86)/atmel/atmel toolchain/avr32 gcc/native/3.4.1067/avr32-gnu-toolchain/bin/../lib/gcc/avr32/4.4.7/../../../../avr32/lib/ucr2\libc.a(lib_a-exit.o)
 .comment       0x00000000       0x31 c:/program files (x86)/atmel/atmel toolchain/avr32 gcc/native/3.4.1067/avr32-gnu-toolchain/bin/../lib/gcc/avr32/4.4.7/../../../../avr32/lib/ucr2\libc.a(lib_a-impure.o)
 .comment       0x00000000       0x31 c:/program files (x86)/atmel/atmel toolchain/avr32 gcc/native/3.4.1067/avr32-gnu-toolchain/bin/../lib/gcc/avr32/4.4.7/../../../../avr32/lib/ucr2\libc.a(lib_a-malloc.o)
 .comment       0x00000000       0x31 c:/program files (x86)/atmel/atmel toolchain/avr32 gcc/native/3.4.1067/avr32-gnu-toolchain/bin/../lib/gcc/avr32/4.4.7/../../../../avr32/lib/ucr2\libc.a(lib_a-mallocr.o)
 .comment       0x00000000       0x31 c:/program files (x86)/atmel/atmel toolchain/avr32 gcc/native/3.4.1067/avr32-gnu-toolchain/bin/../lib/gcc/avr32/4.4.7/../../../../avr32/lib/ucr2\libc.a(lib_a-memset.o)
 .comment       0x00000000       0x31 c:/program files (x86)/atmel/atmel toolchain/avr32 gcc/native/3.4.1067/avr32-gnu-toolchain/bin/../lib/gcc/avr32/4.4.7/../../../../avr32/lib/ucr2\libc.a(lib_a-sbrkr.o)
 .comment       0x00000000       0x31 c:/program files (x86)/atmel/atmel toolchain/avr32 gcc/native/3.4.1067/avr32-gnu-toolchain/bin/../lib/gcc/avr32/4.4.7/../../../../avr32/lib/ucr2\libc.a(lib_a-setbuf.o)
 .comment       0x00000000       0x31 c:/program files (x86)/atmel/atmel toolchain/avr32 gcc/native/3.4.1067/avr32-gnu-toolchain/bin/../lib/gcc/avr32/4.4.7/../../../../avr32/lib/ucr2\libc.a(lib_a-setvbuf.o)
 .comment       0x00000000       0x31 c:/program files (x86)/atmel/atmel toolchain/avr32 gcc/native/3.4.1067/avr32-gnu-toolchain/bin/../lib/gcc/avr32/4.4.7/../../../../avr32/lib/ucr2\libc.a(lib_a-syscalls.o)
 .comment       0x00000000       0x31 c:/program files (x86)/atmel/atmel toolchain/avr32 gcc/native/3.4.1067/avr32-gnu-toolchain/bin/../lib/gcc/avr32/4.4.7/../../../../avr32/lib/ucr2\libc.a(lib_a-__atexit.o)
 .comment       0x00000000       0x31 c:/program files (x86)/atmel/atmel toolchain/avr32 gcc/native/3.4.1067/avr32-gnu-toolchain/bin/../lib/gcc/avr32/4.4.7/../../../../avr32/lib/ucr2\libc.a(lib_a-__call_atexit.o)
 .comment       0x00000000       0x31 c:/program files (x86)/atmel/atmel toolchain/avr32 gcc/native/3.4.1067/avr32-gnu-toolchain/bin/../lib/gcc/avr32/4.4.7/../../../../avr32/lib/ucr2\libc.a(lib_a-errno.o)
 .comment       0x00000000       0x31 c:/program files (x86)/atmel/atmel toolchain/avr32 gcc/native/3.4.1067/avr32-gnu-toolchain/bin/../lib/gcc/avr32/4.4.7/../../../../avr32/lib/ucr2\libc.a(lib_a-fflush.o)
 .comment       0x00000000       0x31 c:/program files (x86)/atmel/atmel toolchain/avr32 gcc/native/3.4.1067/avr32-gnu-toolchain/bin/../lib/gcc/avr32/4.4.7/../../../../avr32/lib/ucr2\libc.a(lib_a-findfp.o)
 .comment       0x00000000       0x31 c:/program files (x86)/atmel/atmel toolchain/avr32 gcc/native/3.4.1067/avr32-gnu-toolchain/bin/../lib/gcc/avr32/4.4.7/../../../../avr32/lib/ucr2\libc.a(lib_a-freer.o)
 .comment       0x00000000       0x31 c:/program files (x86)/atmel/atmel toolchain/avr32 gcc/native/3.4.1067/avr32-gnu-toolchain/bin/../lib/gcc/avr32/4.4.7/../../../../avr32/lib/ucr2\libc.a(lib_a-fwalk.o)
 .comment       0x00000000       0x31 c:/program files (x86)/atmel/atmel toolchain/avr32 gcc/native/3.4.1067/avr32-gnu-toolchain/bin/../lib/gcc/avr32/4.4.7/../../../../avr32/lib/ucr2\libc.a(lib_a-reent.o)
 .comment       0x00000000       0x31 c:/program files (x86)/atmel/atmel toolchain/avr32 gcc/native/3.4.1067/avr32-gnu-toolchain/bin/../lib/gcc/avr32/4.4.7/../../../../avr32/lib/ucr2\libc.a(lib_a-stdio.o)
 .comment       0x00000000       0x31 c:/program files (x86)/atmel/atmel toolchain/avr32 gcc/native/3.4.1067/avr32-gnu-toolchain/bin/../lib/gcc/avr32/4.4.7/../../../../avr32/lib/ucr2\libc.a(lib_a-writer.o)
 .comment       0x00000000       0x31 c:/program files (x86)/atmel/atmel toolchain/avr32 gcc/native/3.4.1067/avr32-gnu-toolchain/bin/../lib/gcc/avr32/4.4.7/../../../../avr32/lib/ucr2\libc.a(lib_a-closer.o)
 .comment       0x00000000       0x31 c:/program files (x86)/atmel/atmel toolchain/avr32 gcc/native/3.4.1067/avr32-gnu-toolchain/bin/../lib/gcc/avr32/4.4.7/../../../../avr32/lib/ucr2\libc.a(lib_a-fclose.o)
 .comment       0x00000000       0x31 c:/program files (x86)/atmel/atmel toolchain/avr32 gcc/native/3.4.1067/avr32-gnu-toolchain/bin/../lib/gcc/avr32/4.4.7/../../../../avr32/lib/ucr2\libc.a(lib_a-lseekr.o)
 .comment       0x00000000       0x31 c:/program files (x86)/atmel/atmel toolchain/avr32 gcc/native/3.4.1067/avr32-gnu-toolchain/bin/../lib/gcc/avr32/4.4.7/../../../../avr32/lib/ucr2\libc.a(lib_a-readr.o)
 .comment       0x00000000       0x31 c:/program files (x86)/atmel/atmel toolchain/avr32 gcc/native/3.4.1067/avr32-gnu-toolchain/bin/../lib/gcc/avr32/4.4.7/ucr2/crtend.o

.debug
 *(.debug)

.line
 *(.line)

.debug_srcinfo
 *(.debug_srcinfo)

.debug_sfnames
 *(.debug_sfnames)

.debug_aranges  0x00000000      0xce0
 *(.debug_aranges)
 .debug_aranges
                0x00000000       0x20 src/asf/avr32/boards/uc3_a3_xplained/init.o
 .debug_aranges
                0x00000020      0x100 src/asf/avr32/drivers/gpio/gpio.o
 .debug_aranges
                0x00000120       0x38 src/asf/avr32/drivers/intc/intc.o
 .debug_aranges
                0x00000158      0x190 src/asf/avr32/drivers/pm/pm.o
 .debug_aranges
                0x000002e8       0x40 src/asf/avr32/drivers/pm/power_clocks_lib.o
 .debug_aranges
                0x00000328      0x108 src/asf/avr32/drivers/usbb/usbb_device.o
 .debug_aranges
                0x00000430       0x50 src/asf/common/services/clock/uc3a3_a4/sysclk.o
 .debug_aranges
                0x00000480       0xf0 src/asf/common/services/usb/class/cdc/device/udi_cdc.o
 .debug_aranges
                0x00000570       0x68 src/asf/common/services/usb/udc/udc.o
 .debug_aranges
                0x000005d8       0x20 src/asf/common/utils/stdio/read.o
 .debug_aranges
                0x000005f8       0x48 src/asf/common/utils/stdio/stdio_usb/stdio_usb.o
 .debug_aranges
                0x00000640       0x20 src/asf/common/utils/stdio/write.o
 .debug_aranges
                0x00000660       0x40 src/asf/thirdparty/freertos/source/list.o
 .debug_aranges
                0x000006a0       0x78 src/asf/thirdparty/freertos/source/portable/gcc/avr32_uc3/port.o
 .debug_aranges
                0x00000718       0x28 src/asf/thirdparty/freertos/source/portable/memmang/heap_3.o
 .debug_aranges
                0x00000740       0xf0 src/asf/thirdparty/freertos/source/tasks.o
 .debug_aranges
                0x00000830       0x48 src/main.o
 .debug_aranges
                0x00000878       0x20 c:/program files (x86)/atmel/atmel toolchain/avr32 gcc/native/3.4.1067/avr32-gnu-toolchain/bin/../lib/gcc/avr32/4.4.7/../../../../avr32/lib/ucr2\libc.a(lib_a-atexit.o)
 .debug_aranges
                0x00000898       0x20 c:/program files (x86)/atmel/atmel toolchain/avr32 gcc/native/3.4.1067/avr32-gnu-toolchain/bin/../lib/gcc/avr32/4.4.7/../../../../avr32/lib/ucr2\libc.a(lib_a-exit.o)
 .debug_aranges
                0x000008b8       0x28 c:/program files (x86)/atmel/atmel toolchain/avr32 gcc/native/3.4.1067/avr32-gnu-toolchain/bin/../lib/gcc/avr32/4.4.7/../../../../avr32/lib/ucr2\libc.a(lib_a-malloc.o)
 .debug_aranges
                0x000008e0       0x20 c:/program files (x86)/atmel/atmel toolchain/avr32 gcc/native/3.4.1067/avr32-gnu-toolchain/bin/../lib/gcc/avr32/4.4.7/../../../../avr32/lib/ucr2\libc.a(lib_a-mallocr.o)
 .debug_aranges
                0x00000900       0x20 c:/program files (x86)/atmel/atmel toolchain/avr32 gcc/native/3.4.1067/avr32-gnu-toolchain/bin/../lib/gcc/avr32/4.4.7/../../../../avr32/lib/ucr2\libc.a(lib_a-memset.o)
 .debug_aranges
                0x00000920       0x20 c:/program files (x86)/atmel/atmel toolchain/avr32 gcc/native/3.4.1067/avr32-gnu-toolchain/bin/../lib/gcc/avr32/4.4.7/../../../../avr32/lib/ucr2\libc.a(lib_a-sbrkr.o)
 .debug_aranges
                0x00000940       0x20 c:/program files (x86)/atmel/atmel toolchain/avr32 gcc/native/3.4.1067/avr32-gnu-toolchain/bin/../lib/gcc/avr32/4.4.7/../../../../avr32/lib/ucr2\libc.a(lib_a-setbuf.o)
 .debug_aranges
                0x00000960       0x20 c:/program files (x86)/atmel/atmel toolchain/avr32 gcc/native/3.4.1067/avr32-gnu-toolchain/bin/../lib/gcc/avr32/4.4.7/../../../../avr32/lib/ucr2\libc.a(lib_a-setvbuf.o)
 .debug_aranges
                0x00000980       0xf8 c:/program files (x86)/atmel/atmel toolchain/avr32 gcc/native/3.4.1067/avr32-gnu-toolchain/bin/../lib/gcc/avr32/4.4.7/../../../../avr32/lib/ucr2\libc.a(lib_a-syscalls.o)
 .debug_aranges
                0x00000a78       0x20 c:/program files (x86)/atmel/atmel toolchain/avr32 gcc/native/3.4.1067/avr32-gnu-toolchain/bin/../lib/gcc/avr32/4.4.7/../../../../avr32/lib/ucr2\libc.a(lib_a-__atexit.o)
 .debug_aranges
                0x00000a98       0x20 c:/program files (x86)/atmel/atmel toolchain/avr32 gcc/native/3.4.1067/avr32-gnu-toolchain/bin/../lib/gcc/avr32/4.4.7/../../../../avr32/lib/ucr2\libc.a(lib_a-__call_atexit.o)
 .debug_aranges
                0x00000ab8       0x20 c:/program files (x86)/atmel/atmel toolchain/avr32 gcc/native/3.4.1067/avr32-gnu-toolchain/bin/../lib/gcc/avr32/4.4.7/../../../../avr32/lib/ucr2\libc.a(lib_a-errno.o)
 .debug_aranges
                0x00000ad8       0x28 c:/program files (x86)/atmel/atmel toolchain/avr32 gcc/native/3.4.1067/avr32-gnu-toolchain/bin/../lib/gcc/avr32/4.4.7/../../../../avr32/lib/ucr2\libc.a(lib_a-fflush.o)
 .debug_aranges
                0x00000b00       0x80 c:/program files (x86)/atmel/atmel toolchain/avr32 gcc/native/3.4.1067/avr32-gnu-toolchain/bin/../lib/gcc/avr32/4.4.7/../../../../avr32/lib/ucr2\libc.a(lib_a-findfp.o)
 .debug_aranges
                0x00000b80       0x28 c:/program files (x86)/atmel/atmel toolchain/avr32 gcc/native/3.4.1067/avr32-gnu-toolchain/bin/../lib/gcc/avr32/4.4.7/../../../../avr32/lib/ucr2\libc.a(lib_a-freer.o)
 .debug_aranges
                0x00000ba8       0x28 c:/program files (x86)/atmel/atmel toolchain/avr32 gcc/native/3.4.1067/avr32-gnu-toolchain/bin/../lib/gcc/avr32/4.4.7/../../../../avr32/lib/ucr2\libc.a(lib_a-fwalk.o)
 .debug_aranges
                0x00000bd0       0x30 c:/program files (x86)/atmel/atmel toolchain/avr32 gcc/native/3.4.1067/avr32-gnu-toolchain/bin/../lib/gcc/avr32/4.4.7/../../../../avr32/lib/ucr2\libc.a(lib_a-reent.o)
 .debug_aranges
                0x00000c00       0x38 c:/program files (x86)/atmel/atmel toolchain/avr32 gcc/native/3.4.1067/avr32-gnu-toolchain/bin/../lib/gcc/avr32/4.4.7/../../../../avr32/lib/ucr2\libc.a(lib_a-stdio.o)
 .debug_aranges
                0x00000c38       0x20 c:/program files (x86)/atmel/atmel toolchain/avr32 gcc/native/3.4.1067/avr32-gnu-toolchain/bin/../lib/gcc/avr32/4.4.7/../../../../avr32/lib/ucr2\libc.a(lib_a-writer.o)
 .debug_aranges
                0x00000c58       0x20 c:/program files (x86)/atmel/atmel toolchain/avr32 gcc/native/3.4.1067/avr32-gnu-toolchain/bin/../lib/gcc/avr32/4.4.7/../../../../avr32/lib/ucr2\libc.a(lib_a-closer.o)
 .debug_aranges
                0x00000c78       0x28 c:/program files (x86)/atmel/atmel toolchain/avr32 gcc/native/3.4.1067/avr32-gnu-toolchain/bin/../lib/gcc/avr32/4.4.7/../../../../avr32/lib/ucr2\libc.a(lib_a-fclose.o)
 .debug_aranges
                0x00000ca0       0x20 c:/program files (x86)/atmel/atmel toolchain/avr32 gcc/native/3.4.1067/avr32-gnu-toolchain/bin/../lib/gcc/avr32/4.4.7/../../../../avr32/lib/ucr2\libc.a(lib_a-lseekr.o)
 .debug_aranges
                0x00000cc0       0x20 c:/program files (x86)/atmel/atmel toolchain/avr32 gcc/native/3.4.1067/avr32-gnu-toolchain/bin/../lib/gcc/avr32/4.4.7/../../../../avr32/lib/ucr2\libc.a(lib_a-readr.o)

.debug_pubnames
                0x00000000     0x19b8
 *(.debug_pubnames)
 .debug_pubnames
                0x00000000       0x21 src/asf/avr32/boards/uc3_a3_xplained/init.o
 .debug_pubnames
                0x00000021      0x330 src/asf/avr32/drivers/gpio/gpio.o
 .debug_pubnames
                0x00000351       0x62 src/asf/avr32/drivers/intc/intc.o
 .debug_pubnames
                0x000003b3      0x3ee src/asf/avr32/drivers/pm/pm.o
 .debug_pubnames
                0x000007a1       0x82 src/asf/avr32/drivers/pm/power_clocks_lib.o
 .debug_pubnames
                0x00000823      0x1c1 src/asf/avr32/drivers/usbb/usbb_device.o
 .debug_pubnames
                0x000009e4       0xc7 src/asf/common/services/clock/uc3a3_a4/sysclk.o
 .debug_pubnames
                0x00000aab       0x25 src/asf/common/services/sleepmgr/uc3/sleepmgr.o
 .debug_pubnames
                0x00000ad0      0x283 src/asf/common/services/usb/class/cdc/device/udi_cdc.o
 .debug_pubnames
                0x00000d53       0x63 src/asf/common/services/usb/class/cdc/device/udi_cdc_desc.o
 .debug_pubnames
                0x00000db6       0x64 src/asf/common/services/usb/udc/udc.o
 .debug_pubnames
                0x00000e1a       0x28 src/asf/common/utils/stdio/read.o
 .debug_pubnames
                0x00000e42       0x95 src/asf/common/utils/stdio/stdio_usb/stdio_usb.o
 .debug_pubnames
                0x00000ed7       0x38 src/asf/common/utils/stdio/write.o
 .debug_pubnames
                0x00000f0f       0x71 src/asf/thirdparty/freertos/source/list.o
 .debug_pubnames
                0x00000f80       0xf6 src/asf/thirdparty/freertos/source/portable/gcc/avr32_uc3/port.o
 .debug_pubnames
                0x00001076       0x31 src/asf/thirdparty/freertos/source/portable/memmang/heap_3.o
 .debug_pubnames
                0x000010a7      0x253 src/asf/thirdparty/freertos/source/tasks.o
 .debug_pubnames
                0x000012fa       0x24 src/main.o
 .debug_pubnames
                0x0000131e       0x1d c:/program files (x86)/atmel/atmel toolchain/avr32 gcc/native/3.4.1067/avr32-gnu-toolchain/bin/../lib/gcc/avr32/4.4.7/../../../../avr32/lib/ucr2\libc.a(lib_a-atexit.o)
 .debug_pubnames
                0x0000133b       0x1b c:/program files (x86)/atmel/atmel toolchain/avr32 gcc/native/3.4.1067/avr32-gnu-toolchain/bin/../lib/gcc/avr32/4.4.7/../../../../avr32/lib/ucr2\libc.a(lib_a-exit.o)
 .debug_pubnames
                0x00001356       0x39 c:/program files (x86)/atmel/atmel toolchain/avr32 gcc/native/3.4.1067/avr32-gnu-toolchain/bin/../lib/gcc/avr32/4.4.7/../../../../avr32/lib/ucr2\libc.a(lib_a-impure.o)
 .debug_pubnames
                0x0000138f       0x26 c:/program files (x86)/atmel/atmel toolchain/avr32 gcc/native/3.4.1067/avr32-gnu-toolchain/bin/../lib/gcc/avr32/4.4.7/../../../../avr32/lib/ucr2\libc.a(lib_a-malloc.o)
 .debug_pubnames
                0x000013b5       0xce c:/program files (x86)/atmel/atmel toolchain/avr32 gcc/native/3.4.1067/avr32-gnu-toolchain/bin/../lib/gcc/avr32/4.4.7/../../../../avr32/lib/ucr2\libc.a(lib_a-mallocr.o)
 .debug_pubnames
                0x00001483       0x1d c:/program files (x86)/atmel/atmel toolchain/avr32 gcc/native/3.4.1067/avr32-gnu-toolchain/bin/../lib/gcc/avr32/4.4.7/../../../../avr32/lib/ucr2\libc.a(lib_a-memset.o)
 .debug_pubnames
                0x000014a0       0x1e c:/program files (x86)/atmel/atmel toolchain/avr32 gcc/native/3.4.1067/avr32-gnu-toolchain/bin/../lib/gcc/avr32/4.4.7/../../../../avr32/lib/ucr2\libc.a(lib_a-sbrkr.o)
 .debug_pubnames
                0x000014be       0x1d c:/program files (x86)/atmel/atmel toolchain/avr32 gcc/native/3.4.1067/avr32-gnu-toolchain/bin/../lib/gcc/avr32/4.4.7/../../../../avr32/lib/ucr2\libc.a(lib_a-setbuf.o)
 .debug_pubnames
                0x000014db       0x1e c:/program files (x86)/atmel/atmel toolchain/avr32 gcc/native/3.4.1067/avr32-gnu-toolchain/bin/../lib/gcc/avr32/4.4.7/../../../../avr32/lib/ucr2\libc.a(lib_a-setvbuf.o)
 .debug_pubnames
                0x000014f9      0x171 c:/program files (x86)/atmel/atmel toolchain/avr32 gcc/native/3.4.1067/avr32-gnu-toolchain/bin/../lib/gcc/avr32/4.4.7/../../../../avr32/lib/ucr2\libc.a(lib_a-syscalls.o)
 .debug_pubnames
                0x0000166a       0x2a c:/program files (x86)/atmel/atmel toolchain/avr32 gcc/native/3.4.1067/avr32-gnu-toolchain/bin/../lib/gcc/avr32/4.4.7/../../../../avr32/lib/ucr2\libc.a(lib_a-__atexit.o)
 .debug_pubnames
                0x00001694       0x27 c:/program files (x86)/atmel/atmel toolchain/avr32 gcc/native/3.4.1067/avr32-gnu-toolchain/bin/../lib/gcc/avr32/4.4.7/../../../../avr32/lib/ucr2\libc.a(lib_a-__call_atexit.o)
 .debug_pubnames
                0x000016bb       0x1e c:/program files (x86)/atmel/atmel toolchain/avr32 gcc/native/3.4.1067/avr32-gnu-toolchain/bin/../lib/gcc/avr32/4.4.7/../../../../avr32/lib/ucr2\libc.a(lib_a-errno.o)
 .debug_pubnames
                0x000016d9       0x2b c:/program files (x86)/atmel/atmel toolchain/avr32 gcc/native/3.4.1067/avr32-gnu-toolchain/bin/../lib/gcc/avr32/4.4.7/../../../../avr32/lib/ucr2\libc.a(lib_a-fflush.o)
 .debug_pubnames
                0x00001704      0x119 c:/program files (x86)/atmel/atmel toolchain/avr32 gcc/native/3.4.1067/avr32-gnu-toolchain/bin/../lib/gcc/avr32/4.4.7/../../../../avr32/lib/ucr2\libc.a(lib_a-findfp.o)
 .debug_pubnames
                0x0000181d       0x31 c:/program files (x86)/atmel/atmel toolchain/avr32 gcc/native/3.4.1067/avr32-gnu-toolchain/bin/../lib/gcc/avr32/4.4.7/../../../../avr32/lib/ucr2\libc.a(lib_a-freer.o)
 .debug_pubnames
                0x0000184e       0x2e c:/program files (x86)/atmel/atmel toolchain/avr32 gcc/native/3.4.1067/avr32-gnu-toolchain/bin/../lib/gcc/avr32/4.4.7/../../../../avr32/lib/ucr2\libc.a(lib_a-fwalk.o)
 .debug_pubnames
                0x0000187c       0x52 c:/program files (x86)/atmel/atmel toolchain/avr32 gcc/native/3.4.1067/avr32-gnu-toolchain/bin/../lib/gcc/avr32/4.4.7/../../../../avr32/lib/ucr2\libc.a(lib_a-reent.o)
 .debug_pubnames
                0x000018ce       0x44 c:/program files (x86)/atmel/atmel toolchain/avr32 gcc/native/3.4.1067/avr32-gnu-toolchain/bin/../lib/gcc/avr32/4.4.7/../../../../avr32/lib/ucr2\libc.a(lib_a-stdio.o)
 .debug_pubnames
                0x00001912       0x1f c:/program files (x86)/atmel/atmel toolchain/avr32 gcc/native/3.4.1067/avr32-gnu-toolchain/bin/../lib/gcc/avr32/4.4.7/../../../../avr32/lib/ucr2\libc.a(lib_a-writer.o)
 .debug_pubnames
                0x00001931       0x1f c:/program files (x86)/atmel/atmel toolchain/avr32 gcc/native/3.4.1067/avr32-gnu-toolchain/bin/../lib/gcc/avr32/4.4.7/../../../../avr32/lib/ucr2\libc.a(lib_a-closer.o)
 .debug_pubnames
                0x00001950       0x2b c:/program files (x86)/atmel/atmel toolchain/avr32 gcc/native/3.4.1067/avr32-gnu-toolchain/bin/../lib/gcc/avr32/4.4.7/../../../../avr32/lib/ucr2\libc.a(lib_a-fclose.o)
 .debug_pubnames
                0x0000197b       0x1f c:/program files (x86)/atmel/atmel toolchain/avr32 gcc/native/3.4.1067/avr32-gnu-toolchain/bin/../lib/gcc/avr32/4.4.7/../../../../avr32/lib/ucr2\libc.a(lib_a-lseekr.o)
 .debug_pubnames
                0x0000199a       0x1e c:/program files (x86)/atmel/atmel toolchain/avr32 gcc/native/3.4.1067/avr32-gnu-toolchain/bin/../lib/gcc/avr32/4.4.7/../../../../avr32/lib/ucr2\libc.a(lib_a-readr.o)

.debug_info     0x00000000    0x25b81
 *(.debug_info .gnu.linkonce.wi.*)
 .debug_info    0x00000000       0xa8 src/asf/avr32/boards/uc3_a3_xplained/init.o
 .debug_info    0x000000a8      0xb1b src/asf/avr32/drivers/gpio/gpio.o
 .debug_info    0x00000bc3      0x68d src/asf/avr32/drivers/intc/intc.o
 .debug_info    0x00001250     0x1b64 src/asf/avr32/drivers/pm/pm.o
 .debug_info    0x00002db4     0x1094 src/asf/avr32/drivers/pm/power_clocks_lib.o
 .debug_info    0x00003e48     0xd645 src/asf/avr32/drivers/usbb/usbb_device.o
 .debug_info    0x0001148d     0x14be src/asf/common/services/clock/uc3a3_a4/sysclk.o
 .debug_info    0x0001294b       0xf9 src/asf/common/services/sleepmgr/uc3/sleepmgr.o
 .debug_info    0x00012a44      0xb6a src/asf/common/services/usb/class/cdc/device/udi_cdc.o
 .debug_info    0x000135ae      0x763 src/asf/common/services/usb/class/cdc/device/udi_cdc_desc.o
 .debug_info    0x00013d11      0xcac src/asf/common/services/usb/udc/udc.o
 .debug_info    0x000149bd      0x151 src/asf/common/utils/stdio/read.o
 .debug_info    0x00014b0e      0x263 src/asf/common/utils/stdio/stdio_usb/stdio_usb.o
 .debug_info    0x00014d71      0x13e src/asf/common/utils/stdio/write.o
 .debug_info    0x00014eaf      0x2b9 src/asf/thirdparty/freertos/source/list.o
 .debug_info    0x00015168      0xac5 src/asf/thirdparty/freertos/source/portable/gcc/avr32_uc3/port.o
 .debug_info    0x00015c2d       0xfc src/asf/thirdparty/freertos/source/portable/memmang/heap_3.o
 .debug_info    0x00015d29      0xd38 src/asf/thirdparty/freertos/source/tasks.o
 .debug_info    0x00016a61     0x1b7b src/main.o
 .debug_info    0x000185dc       0xc5 c:/program files (x86)/atmel/atmel toolchain/avr32 gcc/native/3.4.1067/avr32-gnu-toolchain/bin/../lib/gcc/avr32/4.4.7/../../../../avr32/lib/ucr2\libc.a(lib_a-atexit.o)
 .debug_info    0x000186a1      0x8b7 c:/program files (x86)/atmel/atmel toolchain/avr32 gcc/native/3.4.1067/avr32-gnu-toolchain/bin/../lib/gcc/avr32/4.4.7/../../../../avr32/lib/ucr2\libc.a(lib_a-exit.o)
 .debug_info    0x00018f58      0x960 c:/program files (x86)/atmel/atmel toolchain/avr32 gcc/native/3.4.1067/avr32-gnu-toolchain/bin/../lib/gcc/avr32/4.4.7/../../../../avr32/lib/ucr2\libc.a(lib_a-impure.o)
 .debug_info    0x000198b8      0x8ea c:/program files (x86)/atmel/atmel toolchain/avr32 gcc/native/3.4.1067/avr32-gnu-toolchain/bin/../lib/gcc/avr32/4.4.7/../../../../avr32/lib/ucr2\libc.a(lib_a-malloc.o)
 .debug_info    0x0001a1a2      0xc4e c:/program files (x86)/atmel/atmel toolchain/avr32 gcc/native/3.4.1067/avr32-gnu-toolchain/bin/../lib/gcc/avr32/4.4.7/../../../../avr32/lib/ucr2\libc.a(lib_a-mallocr.o)
 .debug_info    0x0001adf0       0xcd c:/program files (x86)/atmel/atmel toolchain/avr32 gcc/native/3.4.1067/avr32-gnu-toolchain/bin/../lib/gcc/avr32/4.4.7/../../../../avr32/lib/ucr2\libc.a(lib_a-memset.o)
 .debug_info    0x0001aebd      0x8de c:/program files (x86)/atmel/atmel toolchain/avr32 gcc/native/3.4.1067/avr32-gnu-toolchain/bin/../lib/gcc/avr32/4.4.7/../../../../avr32/lib/ucr2\libc.a(lib_a-sbrkr.o)
 .debug_info    0x0001b79b      0x8c3 c:/program files (x86)/atmel/atmel toolchain/avr32 gcc/native/3.4.1067/avr32-gnu-toolchain/bin/../lib/gcc/avr32/4.4.7/../../../../avr32/lib/ucr2\libc.a(lib_a-setbuf.o)
 .debug_info    0x0001c05e      0x9c5 c:/program files (x86)/atmel/atmel toolchain/avr32 gcc/native/3.4.1067/avr32-gnu-toolchain/bin/../lib/gcc/avr32/4.4.7/../../../../avr32/lib/ucr2\libc.a(lib_a-setvbuf.o)
 .debug_info    0x0001ca23      0x93a c:/program files (x86)/atmel/atmel toolchain/avr32 gcc/native/3.4.1067/avr32-gnu-toolchain/bin/../lib/gcc/avr32/4.4.7/../../../../avr32/lib/ucr2\libc.a(lib_a-syscalls.o)
 .debug_info    0x0001d35d      0x92c c:/program files (x86)/atmel/atmel toolchain/avr32 gcc/native/3.4.1067/avr32-gnu-toolchain/bin/../lib/gcc/avr32/4.4.7/../../../../avr32/lib/ucr2\libc.a(lib_a-__atexit.o)
 .debug_info    0x0001dc89      0x931 c:/program files (x86)/atmel/atmel toolchain/avr32 gcc/native/3.4.1067/avr32-gnu-toolchain/bin/../lib/gcc/avr32/4.4.7/../../../../avr32/lib/ucr2\libc.a(lib_a-__call_atexit.o)
 .debug_info    0x0001e5ba      0x8a6 c:/program files (x86)/atmel/atmel toolchain/avr32 gcc/native/3.4.1067/avr32-gnu-toolchain/bin/../lib/gcc/avr32/4.4.7/../../../../avr32/lib/ucr2\libc.a(lib_a-errno.o)
 .debug_info    0x0001ee60      0xa22 c:/program files (x86)/atmel/atmel toolchain/avr32 gcc/native/3.4.1067/avr32-gnu-toolchain/bin/../lib/gcc/avr32/4.4.7/../../../../avr32/lib/ucr2\libc.a(lib_a-fflush.o)
 .debug_info    0x0001f882      0xc2a c:/program files (x86)/atmel/atmel toolchain/avr32 gcc/native/3.4.1067/avr32-gnu-toolchain/bin/../lib/gcc/avr32/4.4.7/../../../../avr32/lib/ucr2\libc.a(lib_a-findfp.o)
 .debug_info    0x000204ac      0xb3d c:/program files (x86)/atmel/atmel toolchain/avr32 gcc/native/3.4.1067/avr32-gnu-toolchain/bin/../lib/gcc/avr32/4.4.7/../../../../avr32/lib/ucr2\libc.a(lib_a-freer.o)
 .debug_info    0x00020fe9      0xa61 c:/program files (x86)/atmel/atmel toolchain/avr32 gcc/native/3.4.1067/avr32-gnu-toolchain/bin/../lib/gcc/avr32/4.4.7/../../../../avr32/lib/ucr2\libc.a(lib_a-fwalk.o)
 .debug_info    0x00021a4a      0x973 c:/program files (x86)/atmel/atmel toolchain/avr32 gcc/native/3.4.1067/avr32-gnu-toolchain/bin/../lib/gcc/avr32/4.4.7/../../../../avr32/lib/ucr2\libc.a(lib_a-reent.o)
 .debug_info    0x000223bd      0xa28 c:/program files (x86)/atmel/atmel toolchain/avr32 gcc/native/3.4.1067/avr32-gnu-toolchain/bin/../lib/gcc/avr32/4.4.7/../../../../avr32/lib/ucr2\libc.a(lib_a-stdio.o)
 .debug_info    0x00022de5      0x90d c:/program files (x86)/atmel/atmel toolchain/avr32 gcc/native/3.4.1067/avr32-gnu-toolchain/bin/../lib/gcc/avr32/4.4.7/../../../../avr32/lib/ucr2\libc.a(lib_a-writer.o)
 .debug_info    0x000236f2      0x8d2 c:/program files (x86)/atmel/atmel toolchain/avr32 gcc/native/3.4.1067/avr32-gnu-toolchain/bin/../lib/gcc/avr32/4.4.7/../../../../avr32/lib/ucr2\libc.a(lib_a-closer.o)
 .debug_info    0x00023fc4      0x9bc c:/program files (x86)/atmel/atmel toolchain/avr32 gcc/native/3.4.1067/avr32-gnu-toolchain/bin/../lib/gcc/avr32/4.4.7/../../../../avr32/lib/ucr2\libc.a(lib_a-fclose.o)
 .debug_info    0x00024980      0x8fb c:/program files (x86)/atmel/atmel toolchain/avr32 gcc/native/3.4.1067/avr32-gnu-toolchain/bin/../lib/gcc/avr32/4.4.7/../../../../avr32/lib/ucr2\libc.a(lib_a-lseekr.o)
 .debug_info    0x0002527b      0x906 c:/program files (x86)/atmel/atmel toolchain/avr32 gcc/native/3.4.1067/avr32-gnu-toolchain/bin/../lib/gcc/avr32/4.4.7/../../../../avr32/lib/ucr2\libc.a(lib_a-readr.o)

.debug_abbrev   0x00000000     0x47c4
 *(.debug_abbrev)
 .debug_abbrev  0x00000000       0x4c src/asf/avr32/boards/uc3_a3_xplained/init.o
 .debug_abbrev  0x0000004c      0x28b src/asf/avr32/drivers/gpio/gpio.o
 .debug_abbrev  0x000002d7      0x1e5 src/asf/avr32/drivers/intc/intc.o
 .debug_abbrev  0x000004bc      0x2d1 src/asf/avr32/drivers/pm/pm.o
 .debug_abbrev  0x0000078d      0x1cd src/asf/avr32/drivers/pm/power_clocks_lib.o
 .debug_abbrev  0x0000095a      0x45d src/asf/avr32/drivers/usbb/usbb_device.o
 .debug_abbrev  0x00000db7      0x2d0 src/asf/common/services/clock/uc3a3_a4/sysclk.o
 .debug_abbrev  0x00001087       0x7d src/asf/common/services/sleepmgr/uc3/sleepmgr.o
 .debug_abbrev  0x00001104      0x2d0 src/asf/common/services/usb/class/cdc/device/udi_cdc.o
 .debug_abbrev  0x000013d4       0xfb src/asf/common/services/usb/class/cdc/device/udi_cdc_desc.o
 .debug_abbrev  0x000014cf      0x272 src/asf/common/services/usb/udc/udc.o
 .debug_abbrev  0x00001741       0xdc src/asf/common/utils/stdio/read.o
 .debug_abbrev  0x0000181d      0x121 src/asf/common/utils/stdio/stdio_usb/stdio_usb.o
 .debug_abbrev  0x0000193e       0xb5 src/asf/common/utils/stdio/write.o
 .debug_abbrev  0x000019f3       0xdb src/asf/thirdparty/freertos/source/list.o
 .debug_abbrev  0x00001ace      0x295 src/asf/thirdparty/freertos/source/portable/gcc/avr32_uc3/port.o
 .debug_abbrev  0x00001d63       0xa4 src/asf/thirdparty/freertos/source/portable/memmang/heap_3.o
 .debug_abbrev  0x00001e07      0x269 src/asf/thirdparty/freertos/source/tasks.o
 .debug_abbrev  0x00002070      0x25e src/main.o
 .debug_abbrev  0x000022ce       0x81 c:/program files (x86)/atmel/atmel toolchain/avr32 gcc/native/3.4.1067/avr32-gnu-toolchain/bin/../lib/gcc/avr32/4.4.7/../../../../avr32/lib/ucr2\libc.a(lib_a-atexit.o)
 .debug_abbrev  0x0000234f      0x15f c:/program files (x86)/atmel/atmel toolchain/avr32 gcc/native/3.4.1067/avr32-gnu-toolchain/bin/../lib/gcc/avr32/4.4.7/../../../../avr32/lib/ucr2\libc.a(lib_a-exit.o)
 .debug_abbrev  0x000024ae      0x160 c:/program files (x86)/atmel/atmel toolchain/avr32 gcc/native/3.4.1067/avr32-gnu-toolchain/bin/../lib/gcc/avr32/4.4.7/../../../../avr32/lib/ucr2\libc.a(lib_a-impure.o)
 .debug_abbrev  0x0000260e      0x178 c:/program files (x86)/atmel/atmel toolchain/avr32 gcc/native/3.4.1067/avr32-gnu-toolchain/bin/../lib/gcc/avr32/4.4.7/../../../../avr32/lib/ucr2\libc.a(lib_a-malloc.o)
 .debug_abbrev  0x00002786      0x205 c:/program files (x86)/atmel/atmel toolchain/avr32 gcc/native/3.4.1067/avr32-gnu-toolchain/bin/../lib/gcc/avr32/4.4.7/../../../../avr32/lib/ucr2\libc.a(lib_a-mallocr.o)
 .debug_abbrev  0x0000298b       0x85 c:/program files (x86)/atmel/atmel toolchain/avr32 gcc/native/3.4.1067/avr32-gnu-toolchain/bin/../lib/gcc/avr32/4.4.7/../../../../avr32/lib/ucr2\libc.a(lib_a-memset.o)
 .debug_abbrev  0x00002a10      0x17f c:/program files (x86)/atmel/atmel toolchain/avr32 gcc/native/3.4.1067/avr32-gnu-toolchain/bin/../lib/gcc/avr32/4.4.7/../../../../avr32/lib/ucr2\libc.a(lib_a-sbrkr.o)
 .debug_abbrev  0x00002b8f      0x14e c:/program files (x86)/atmel/atmel toolchain/avr32 gcc/native/3.4.1067/avr32-gnu-toolchain/bin/../lib/gcc/avr32/4.4.7/../../../../avr32/lib/ucr2\libc.a(lib_a-setbuf.o)
 .debug_abbrev  0x00002cdd      0x195 c:/program files (x86)/atmel/atmel toolchain/avr32 gcc/native/3.4.1067/avr32-gnu-toolchain/bin/../lib/gcc/avr32/4.4.7/../../../../avr32/lib/ucr2\libc.a(lib_a-setvbuf.o)
 .debug_abbrev  0x00002e72      0x19a c:/program files (x86)/atmel/atmel toolchain/avr32 gcc/native/3.4.1067/avr32-gnu-toolchain/bin/../lib/gcc/avr32/4.4.7/../../../../avr32/lib/ucr2\libc.a(lib_a-syscalls.o)
 .debug_abbrev  0x0000300c      0x1b5 c:/program files (x86)/atmel/atmel toolchain/avr32 gcc/native/3.4.1067/avr32-gnu-toolchain/bin/../lib/gcc/avr32/4.4.7/../../../../avr32/lib/ucr2\libc.a(lib_a-__atexit.o)
 .debug_abbrev  0x000031c1      0x1bc c:/program files (x86)/atmel/atmel toolchain/avr32 gcc/native/3.4.1067/avr32-gnu-toolchain/bin/../lib/gcc/avr32/4.4.7/../../../../avr32/lib/ucr2\libc.a(lib_a-__call_atexit.o)
 .debug_abbrev  0x0000337d      0x150 c:/program files (x86)/atmel/atmel toolchain/avr32 gcc/native/3.4.1067/avr32-gnu-toolchain/bin/../lib/gcc/avr32/4.4.7/../../../../avr32/lib/ucr2\libc.a(lib_a-errno.o)
 .debug_abbrev  0x000034cd      0x1c6 c:/program files (x86)/atmel/atmel toolchain/avr32 gcc/native/3.4.1067/avr32-gnu-toolchain/bin/../lib/gcc/avr32/4.4.7/../../../../avr32/lib/ucr2\libc.a(lib_a-fflush.o)
 .debug_abbrev  0x00003693      0x28c c:/program files (x86)/atmel/atmel toolchain/avr32 gcc/native/3.4.1067/avr32-gnu-toolchain/bin/../lib/gcc/avr32/4.4.7/../../../../avr32/lib/ucr2\libc.a(lib_a-findfp.o)
 .debug_abbrev  0x0000391f      0x1d9 c:/program files (x86)/atmel/atmel toolchain/avr32 gcc/native/3.4.1067/avr32-gnu-toolchain/bin/../lib/gcc/avr32/4.4.7/../../../../avr32/lib/ucr2\libc.a(lib_a-freer.o)
 .debug_abbrev  0x00003af8      0x1df c:/program files (x86)/atmel/atmel toolchain/avr32 gcc/native/3.4.1067/avr32-gnu-toolchain/bin/../lib/gcc/avr32/4.4.7/../../../../avr32/lib/ucr2\libc.a(lib_a-fwalk.o)
 .debug_abbrev  0x00003cd7      0x1e6 c:/program files (x86)/atmel/atmel toolchain/avr32 gcc/native/3.4.1067/avr32-gnu-toolchain/bin/../lib/gcc/avr32/4.4.7/../../../../avr32/lib/ucr2\libc.a(lib_a-reent.o)
 .debug_abbrev  0x00003ebd      0x192 c:/program files (x86)/atmel/atmel toolchain/avr32 gcc/native/3.4.1067/avr32-gnu-toolchain/bin/../lib/gcc/avr32/4.4.7/../../../../avr32/lib/ucr2\libc.a(lib_a-stdio.o)
 .debug_abbrev  0x0000404f      0x175 c:/program files (x86)/atmel/atmel toolchain/avr32 gcc/native/3.4.1067/avr32-gnu-toolchain/bin/../lib/gcc/avr32/4.4.7/../../../../avr32/lib/ucr2\libc.a(lib_a-writer.o)
 .debug_abbrev  0x000041c4      0x170 c:/program files (x86)/atmel/atmel toolchain/avr32 gcc/native/3.4.1067/avr32-gnu-toolchain/bin/../lib/gcc/avr32/4.4.7/../../../../avr32/lib/ucr2\libc.a(lib_a-closer.o)
 .debug_abbrev  0x00004334      0x1a1 c:/program files (x86)/atmel/atmel toolchain/avr32 gcc/native/3.4.1067/avr32-gnu-toolchain/bin/../lib/gcc/avr32/4.4.7/../../../../avr32/lib/ucr2\libc.a(lib_a-fclose.o)
 .debug_abbrev  0x000044d5      0x17f c:/program files (x86)/atmel/atmel toolchain/avr32 gcc/native/3.4.1067/avr32-gnu-toolchain/bin/../lib/gcc/avr32/4.4.7/../../../../avr32/lib/ucr2\libc.a(lib_a-lseekr.o)
 .debug_abbrev  0x00004654      0x170 c:/program files (x86)/atmel/atmel toolchain/avr32 gcc/native/3.4.1067/avr32-gnu-toolchain/bin/../lib/gcc/avr32/4.4.7/../../../../avr32/lib/ucr2\libc.a(lib_a-readr.o)

.debug_line     0x00000000     0xf052
 *(.debug_line)
 .debug_line    0x00000000      0x739 src/asf/avr32/boards/uc3_a3_xplained/init.o
 .debug_line    0x00000739      0x917 src/asf/avr32/drivers/gpio/gpio.o
 .debug_line    0x00001050      0x6d3 src/asf/avr32/drivers/intc/intc.o
 .debug_line    0x00001723      0xa1a src/asf/avr32/drivers/pm/pm.o
 .debug_line    0x0000213d      0x715 src/asf/avr32/drivers/pm/power_clocks_lib.o
 .debug_line    0x00002852      0xfda src/asf/avr32/drivers/usbb/usbb_device.o